0 len=1 decoded=0 LEN-OK RT-OK
65 len=1 decoded=65 LEN-OK RT-OK
127 len=1 decoded=127 LEN-OK RT-OK
128 len=2 decoded=128 LEN-OK RT-OK
192 len=2 decoded=192 LEN-OK RT-OK
592 len=2 decoded=592 LEN-OK RT-OK
2175 len=2 decoded=2175 LEN-OK RT-OK
2176 len=3 decoded=2176 LEN-OK RT-OK
41464 len=3 decoded=41464 LEN-OK RT-OK
67711 len=3 decoded=67711 LEN-OK RT-OK
67712 len=4 decoded=67712 LEN-OK RT-OK
100000 len=4 decoded=100000 LEN-OK RT-OK
