The day is warm, yet there is a cooling breeze.
  WARNING: Constants MISMATCH — source constants differ from seed
    Source hash: e035b400a66c3156efbaba74c0d09131020999ebe9b9dc189ea37074a68ac213
    Seed hash:   140d8ecd1c4e25cc61d411328ac070b14924bdd5dca6d823d4d471e9b9af583a
    A seed rebuild is required before the changes take effect.
    Run: build/build.ps1
The latest in a series of personal crises seems insurmountable.
You are being pulled apart in all directions.

Yet this afternoon walk in the countryside slowly brings relaxation
to your harried mind. The soil and strain of modern high-tech living
begins to wash off in layers.

That willow tree near the stream looks comfortable and inviting.
You settle beneath it and the buzz of dragonflies and the whisper
of the willow's swaying branches bring a deep peace.

Searching inward for tranquility and happiness, you close your eyes.
A high-pitched cascading sound like crystal wind-chimes impinges
on your floating awareness.

As you open your eyes, you see a shimmering blueness rise from the ground.

It is difficult to look at the blueness directly. The sound seems
to be emanating from this glowing portal.
(SUT === stage1 — hard fixed point in one pass)
Light seems to bend and distort around it, while the sound waves
become so intense, they appear to become visible.

The portal hangs there for a moment; then with the rush of an
imploding vacuum, it sinks into the ground.

FAIL: test battery
  Tests: 198 total, 51 skipped, 147 to compile (4 batch slots)
  Get-Item: D:\Projects\NewRepository-reek-main\build\test.ps1:126
  Line |
   126 |      if ((Get-Item $lf).Length -eq 0) { continue }
       |           ~~~~~~~~~~~~
       | Cannot find path 'D:\Projects\NewRepository-reek-main\test-output\_batches\batch-0.txt' because
       | it does not exist.
