PASS admin envelope size
PASS report ring metadata restored
PASS unicode quoted report restored
PASS pending mind job restored
PASS health counters restored
PASS input buffer reuse preserves queues
PASS detached queue mutation
PASS outer metadata refused
PASS missing NPC binding refused
PASS missing persona binding refused
PASS truncated queue refused
PASS queue checksum refused
PASS rehashed queue count refused
PASS rehashed report identity refused
PASS rehashed slot bound refused
PASS rehashed slot padding refused
PASS completed mind result restored
PASS rehashed result identity refused
