CURRENCY-INPUTS 149 CHECKPOINT 114
PASS novice bootstrap and financial fixture valid
PASS all fixture inputs encode
PASS ordered inputs reproduce complete direct state
PASS successful replay leaves source empty
PASS late sequence failure cannot publish a prefix
PASS outcome mismatch candidate never changes source
PASS rehashed spare argument and unknown operation refuse
PASS rehashed nonboolean authority refuses
PASS metadata mismatch truncation and old magic refuse
PASS small hourly replay succeeds
CURRENCY-REPLAY-BYTES 7329967
PASS maximum batch retains same heap as two inputs
PASS maximum batch advances all clocks without aliasing source
PASS oversized and partial frame batches refuse
