PASS scenario admits mined gold loan trade and farm
INPUTS 169 CHECKPOINT 48
PASS independent input header and arguments
PASS replayed outcomes and post-checkpoint admissions
PASS replay equals independently executed source bytes
PASS arrival payment and plant-eaten dispatch
PASS source unchanged after successful replay
PASS outer metadata mismatch refused
PASS partial input tail refused
PASS rehashed sequence gap refused
PASS rehashed outcome mismatch refused
PASS rehashed clock reversal refused
PASS rehashed unused arguments refused
PASS raw issuance opcode absent
PASS source unchanged after failed replay
REPLAY-BYTES 3087443 3087443
PASS 4096 clock inputs retain flat replay heap
PASS replay input budget enforced
PASS rehashed noncanonical Boolean refused by decoder
PASS sequence exhaustion refuses before mutation
