PASS standard material and tool closure
PASS all seven chains and royal mint
PASS reagent tools and herbalism
PASS plants and tree regrowth
CATALOG-BYTES 6072
PASS validation reclaims scratch
PASS rooted tool dependency
PASS tool bootstrap cycle refused
PASS unrooted material cycle refused
PASS duplicate inputs refused
PASS missing station refused
PASS zero recipe yield refused
PASS unknown resource seed refused
PASS new orphan item refused
PASS maximum reversed chain closes
PASS catalog capacity refused
PASS optional pair mismatch refused
PASS unknown skill refused
PASS plant ground without seed refused
PASS resource capacity refused
PASS recipe capacity refused
