PASS bootstrap state valid
PASS 30-day state valid and validation scratch reclaimed
PASS loan tax default and policy state valid
PASS header and independent section layout
ECONOMY-DECODE-BYTES 1653754
PASS decoder retained allocation budget
PASS canonical round trip covers complete body
PASS detached catalogs inventories and loans
PASS input buffer reuse keeps decoded text
PASS restored state advances identically
PASS record metadata and truncation refused
PASS version 1 layout decodes and a later version header over it refuses
PASS version 1 restore re-encodes the version 3 bytes
PASS version 2 layout decodes and a later version header over it refuses
PASS version 2 restore re-encodes the version 3 bytes
PASS version 3 layout decodes and a later version header over it refuses
PASS version 3 restore re-encodes the version 3 bytes
PASS version 4 layout decodes and a later version header over it refuses
PASS version 4 restore re-encodes the version 3 bytes
PASS rehashed spare station slot refused
PASS rehashed spare node slot past 256 refused
PASS rehashed purse mismatch refused
PASS rehashed loan paid mismatch refused
PASS rehashed mint source mismatch refused
PASS rehashed trade action mismatch refused
PASS rehashed inventory mismatch refused
PASS rehashed inactive actor refused
PASS catalog dimensions text and spare slots refused
PASS reserved header refused
PASS encoder refuses inventory overlap
ECONOMY-MAX-CATALOG-DECODE-BYTES 1734167
PASS maximum catalog decoder budget
PASS ledger purse mismatch refused
PASS fully repaid loan baseline valid
PASS rehashed default after full repayment refused
