PASS encoding destination overlap refuses
PASS checksum corruption refuses
PASS before-image mismatch refuses
PASS out-of-range slot refuses
PASS duplicate slot refuses
PASS generation mismatch rolls back applied state
PASS invalid free head rolls back applied state
PASS invalid character padding rolls back applied state
PASS sequence gap refuses
PASS clock reversal refuses
PASS record metadata mismatch refuses
PASS input overlap refuses before writing
PASS creation replay reproduces world and character bytes
PASS duplicate replay refuses without changing commit position
PASS replayed state owns bytes independently of input
PASS session-only operation has no delta
PASS movement cannot reparent a live object
PASS ordered movement delta reproduces world bytes
PASS relay-only delta persists counter but no live authority
