PASS encoded game envelope length
PASS shared restored world identity
PASS detached character slots
PASS boot drops live relay and connection
PASS nonempty world fields restored
PASS input reuse preserves decoded state
PASS reencode after buffer reuse
PASS outer metadata disagreement refused
PASS truncated envelope refused
PASS slot corruption refused
PASS rehashed missing mobile refused
PASS rehashed equipment kind refused
PASS testing grant flag 1 decodes
PASS rehashed slot padding refused
PASS stamina spent up to the dexterity decodes (UOAIX-59)
PASS stamina spent past the dexterity is refused
PASS a running-step count of 15 is refused
PASS slot byte 150 stays reserved
PASS the fifteenth running step spends a point of stamina; a walk spends none (UOX3 MAXSTAMINAMOVEMENTS=15)
PASS stamina returns a point every 2 s and stops at full (UOX3 STAMINAREGENTIMER=2)
PASS the status bar shows stamina as the dexterity less what is spent
PASS rehashed duplicate mobile refused
PASS rehashed unused slot refused
PASS shared buffer capacity mismatch refused
PASS encode overlap refused
