PASS window initialized
PASS unloaded edge refused
PASS negative floor average
PASS login required
PASS truncated game login
PASS character list
PASS relay consumed
PASS creation refusals atomic
PASS created world records
PASS name bytes after NUL scrubbed
PASS world entry packets
PASS spawn from map
PASS optional tips preserve session and following ping
PASS truncated tip refused
PASS speech identity and payload
PASS speech rejects command spoof and controls
PASS speech length mismatch refused
PASS minimum emote and whisper styles admitted
PASS speech style bounds refused
PASS maximum speech admitted
PASS entry wire fields
PASS turn stays put
PASS east move
PASS sequence rejects unchanged
PASS wall rejects unchanged
PASS diagonal cannot cut wall
PASS a character at 0 stamina may not step, as UOX3 1382 (UOAIX-59)
PASS new relay denied while active
PASS disconnect retains character
PASS closed session refuses
PASS water refused
PASS bridge half height
PASS headroom refused
PASS collider budget refused unchanged
PASS steep land admitted on its lowest corner, standing at the average
