PASS the demo economy has minted gold and a 10% tax
GOLD day=1 minted=1000 treasury=701 circulating=299
PASS day 1: minted equals treasury plus circulating
PASS day 1: the treasury grew by exactly the tax drained
LOG day=1 treasury-rows=1 unmatched=0
PASS day 1: every faucet and drain row has its currency-log event with the matching amount
GOLD day=2 minted=1000 treasury=702 circulating=298
PASS day 2: minted equals treasury plus circulating
PASS day 2: the treasury grew by exactly the tax drained
LOG day=2 treasury-rows=1 unmatched=0
PASS day 2: every faucet and drain row has its currency-log event with the matching amount
GOLD day=3 minted=1000 treasury=703 circulating=297
PASS day 3: minted equals treasury plus circulating
PASS day 3: the treasury grew by exactly the tax drained
LOG day=3 treasury-rows=1 unmatched=0
PASS day 3: every faucet and drain row has its currency-log event with the matching amount
