PASS seeded physical items
PASS planning leaves world untouched
PASS split preserves quantities and identity
PASS split rolls back as one action
PASS full merge retires source serial
PASS merge rollback restores both stacks
PASS partial merge preserves both serials
PASS partial merge rollback
PASS ground item enters owned container
PASS container move rollback
PASS other mobile inventory refused
PASS distant drop refused
PASS container cycle refused
PASS self stack refused
PASS bad amount and stale serial refused
PASS server mobility admission required
PASS nonstackable split refused
PASS container admission required
PASS merge destination admission required
PASS stack overflow refused
PASS different stack attributes refused
PASS occupied container cannot split or merge
PASS dead actor refused
PASS encoded split replays as one sequence
PASS split capacity refusal preserves source
