PASS map column order
PASS map final block
PASS map bounds
PASS land signed and row order
PASS land truncation
PASS static signed and hue
PASS static bounds
PASS multi signed and flags
PASS multi truncation
PASS item flags and bridge height
PASS tiledata group boundaries
PASS tiledata bounds
PASS index extent and stride
PASS index sentinel
PASS range overflow guard
PASS multi index limit
PASS land flags and texture
PASS invalid static fields
PASS invalid land graphic
PASS final tiledata and negative extents
