PASS panel envelope bounds
PASS audit and counter restored
PASS queued action cancelled on boot
PASS owner and GM sessions cleared
PASS shared clock binding preserved
PASS connections cleared and principal rebound
PASS audit survives input reuse
PASS old queued effect cannot run
PASS new session advances retained counter
PASS fresh session does not revive old action
PASS panel outer metadata refused
PASS panel truncation refused
PASS panel checksum refused
PASS rehashed pending reference refused
PASS rehashed queued outcome refused
PASS rehashed audit padding refused
PASS rehashed session reversal refused
PASS rehashed audit identity refused
PASS valid audit restored after control
PASS in-flight action snapshot refused
