PASS source invariants
PASS short destination refuses without write
PASS encode exact size
PASS independent header cells
PASS independent scalar cells
PASS truncated and oversized input
PASS outer record metadata
PASS every declared simulation field
PASS all wire fields survive
PASS text and clocks
PASS family and needs
PASS inventory and audit
PASS schedule and memories
PASS pending events retained
PASS restored request guard
PASS allocator generation retained
PASS restored state detached
PASS rehash clock mismatch
PASS rehash oversized text
PASS rehash population mismatch
PASS rehash used-slot overflow
PASS rehash broken spouse
PASS rehash duplicate mobile
PASS rehash invalid budget
PASS rehash invalid audit
PASS rehash parent cycle
PASS checksum corruption
PASS maximum checkpoint below store cap
DECODE-BYTES 10183719
PASS maximum decode budget
PASS full personas and text restored
