PASS destination capacity
PASS encode exact size
PASS truncated checkpoint
PASS clock and sequence
PASS all stored fields
PASS generation restored
PASS decoded table detached
PASS payload corruption
PASS forged count refused
PASS free-list cycle refused
PASS namespace mismatch refused
PASS slot identity refused
PASS negative clock refused
PASS oversized capacity refused
PASS 8192 object checkpoint
