PASS timer fires once at its deadline tick with its kind and key
PASS set replaces the pending timer for its key and clear removes it
PASS a full wheel refuses and a fired entry is reused
PASS a drain across many revolutions fires every due entry and keeps later ones
PASS a past deadline and an add during a drain fire on the next tick, never inside the drain
PASS kind 0 is refused because it marks a free entry
world timers 64 periodic over 38000 ticks fires=180272 expected=180272 heap-bytes=0
PASS 64 periodic timers over 38000 ticks fire exactly and retain no heap
PASS construction refuses an empty pool, an empty wheel and a negative clock
UOAIX WORLD TIMERS failures=0
0
