PASS private create and containment
PASS rollback restores full allocator bytes
PASS closed undo refuses reuse
PASS later nonempty delete rolls back prefix
PASS repeated slot and generation rollback
PASS empty action refused
PASS oversized action refused
PASS short output refused
PASS action encoded
PASS partial action refused without prefix
PASS corruption refused without prefix
PASS rehashed nested sequence mismatch refused
PASS valid frame late failure restores prefix
PASS clock reversal refused
PASS whole action advances sequence once
PASS duplicate sequence refused
PASS maximum batch accepted
PASS maximum frame round trip
PASS batch heap independent of world capacity
PASS maximum batch rollback
PASS private create and containment
PASS rollback restores full allocator bytes
PASS closed undo refuses reuse
PASS later nonempty delete rolls back prefix
PASS repeated slot and generation rollback
PASS empty action refused
PASS oversized action refused
PASS short output refused
PASS action encoded
PASS partial action refused without prefix
PASS corruption refused without prefix
PASS rehashed nested sequence mismatch refused
PASS valid frame late failure restores prefix
PASS clock reversal refused
PASS whole action advances sequence once
PASS duplicate sequence refused
PASS maximum batch accepted
PASS maximum frame round trip
PASS batch heap independent of world capacity
PASS maximum batch rollback
