PASS disk region refusal
PASS event requires checkpoint
PASS checkpoint committed
PASS create logged
PASS update logged
PASS sequence gap leaves head
PASS read capacity refusal
PASS newest checkpoint committed
PASS post-checkpoint event logged
PASS uncommitted payload prepared
PASS disk budget refusal
