good: valid=True propose id=3 cap=Net.Send
propose-empty: valid=False propose id=0 cap=
explain-empty: valid=False explain id=0
handoff-empty: valid=False handoff id=0
deny-empty: valid=False deny id=0
interrupt-empty: valid=False interrupt id=0
propose-cut12: valid=False
workreply-tagged: valid=True
unknown-tag-same-body: valid=False
hello-good: valid=True
hello-cut9: valid=False
hello-nolen: valid=False
