good-2x2 2x2 255,0,0 0,255,0 0,0,255 255,255,255
top-down 2x2 0,0,255 255,255,255 255,0,0 0,255,0
width-3 3x1 1,2,3 4,5,6 7,8,9
runt refused
cut-pixels refused
bad-magic refused
bpp-32 refused
compressed refused
zero-width refused
huge-height refused
offset-past-end refused
offset-in-header refused
empty refused
