down the chrome at x=200:
  y=0 router=page layout=page
  y=4 router=page layout=page
  y=8 router=page layout=page
  y=12 router=tab layout=tab
  y=16 router=tab layout=tab
  y=20 router=tab layout=tab
  y=24 router=tab layout=tab
  y=28 router=tab layout=tab
  y=32 router=tab layout=tab
  y=36 router=tab layout=tab
  y=40 router=tab layout=tab
  y=44 router=tab layout=tab
  y=48 router=tab layout=tab
  y=52 router=page layout=page
  y=56 router=addr layout=addr
  y=60 router=addr layout=addr
  y=64 router=addr layout=addr
  y=68 router=addr layout=addr
  y=72 router=addr layout=addr
  y=76 router=addr layout=addr
  y=80 router=addr layout=addr
  y=84 router=addr layout=addr
  y=88 router=addr layout=addr
  y=92 router=addr layout=addr
  y=96 router=addr layout=addr
  y=100 router=page layout=page
  y=104 router=page layout=page

a click at y=45, inside the tab bar but on no button: tabs 1 -> 1
a click at y=200 is the page and opens no tab: tabs 1
across the tab bar at y=30, what the layout has there:
  x=0 gap
  x=8 gap
  x=16 gap
  x=24 tab0
  x=32 tab0
  x=40 tab0
  x=48 tab0
  x=56 tab0
  x=64 tab0
  x=72 tab0
  x=80 tab0
  x=88 tab0
  x=96 new
  x=104 new
  x=112 new
  x=120 gap
  x=128 close
  x=136 close
  x=144 close
  x=152 gap
  x=160 gap
  x=168 gap
  x=176 gap
  x=184 gap
  x=192 gap
  x=200 gap
  x=208 gap
  x=216 gap
  x=224 gap
  x=232 gap
  x=240 gap
  x=248 gap
  x=256 gap

across the address bar at y=75:
  x=0 input-or-gap
  x=8 input-or-gap
  x=16 input-or-gap
  x=24 back
  x=32 back
  x=40 back
  x=48 input-or-gap
  x=56 fwd
  x=64 fwd
  x=72 fwd
  x=80 input-or-gap
  x=88 reload
  x=96 reload
  x=104 reload
  x=112 input-or-gap
  x=120 input-or-gap
  x=128 input-or-gap
  x=136 input-or-gap

a click on the + column by its own rect opens a tab: 2
