x=200 256=codex://local/hello 272=codex://local/hello 288=codex://local/about 304=codex://local/about 320=codex://local/dashboard 336=codex://local/dashboard 352=codex://local/trust 368=codex://local/trust 384=codex://local/settings 400=codex://local/settings 416=codex://local/media 432=codex://local/media
x=20
