taskbar band, device pixels : 828..883
rows below the band         : 16
desk-bro-h gives the pane   : 828
pane bottom past band top   : 0
logical rect given the tree : 800x414
root, logical               : chrome y=0 h=414 bottom=414
deepest node, logical       : newtab y=101 h=390 bottom=491
tree past the granted pane  : 154
top-level children, logical : tab-bar y=9 h=42 bottom=51 | address-bar y=55 h=42 bottom=97 | viewport-row y=99 h=308 bottom=407
control, pane in logical px : newtab y=101 h=390 bottom=491
control reaches the same    : yes
