taskbar band, device pixels : 828..883
rows below the band         : 16
the window content box      : 200,192 1200x552
box bottom past band top    : -84
logical rect given the tree : 600x276
root, logical               : chrome y=96 h=276 bottom=372
deepest node, logical       : newtab y=197 h=390 bottom=587
tree past the granted pane  : 430
top-level children, logical : tab-bar y=105 h=42 bottom=147 | address-bar y=151 h=42 bottom=193 | viewport-row y=195 h=170 bottom=365
control, pane in logical px : newtab y=197 h=390 bottom=587
control reaches the same    : yes
