bar column exists           : yes
thumb exists, so not a gap  : yes
pane width                  : 200
visible page column width   : 180
bar column x/w              : 187 6
page plus bar within pane   : yes
offset before / after       : 0 / 96
lead h before / after       : 0 / 43
thumb y before / after      : 105 / 148
thumb h before / after      : 92 / 94
