box 1024x768  page root newtab y 101 h 658 bottom 759  root past box no
  title y 110 h 16 bottom 126  past no
  subtitle y 146 h 16 bottom 162  past no
  sep1 y 184 h 2 bottom 186  past no
  quick-title y 208 h 16 bottom 224  past no
  links y 244 h 470 bottom 714  past no
  info y 734 h 16 bottom 750  past no
  nodes past the box bottom: 0
box 1024x400  page root newtab y 101 h 390 bottom 491  root past box yes
  title y 110 h 16 bottom 126  past no
  subtitle y 146 h 16 bottom 162  past no
  sep1 y 184 h 2 bottom 186  past no
  quick-title y 208 h 16 bottom 224  past no
  links y 244 h 202 bottom 446  past yes
  info y 466 h 16 bottom 482  past yes
  nodes past the box bottom: 5
box 1024x1600  page root newtab y 101 h 1490 bottom 1591  root past box no
  title y 110 h 16 bottom 126  past no
  subtitle y 146 h 16 bottom 162  past no
  sep1 y 184 h 2 bottom 186  past no
  quick-title y 208 h 16 bottom 224  past no
  links y 244 h 1302 bottom 1546  past no
  info y 1566 h 16 bottom 1582  past no
  nodes past the box bottom: 0
the 1600 row is the control and must report zero
