the page was built for a viewport of 658
the layout gives the viewport      658
the page is laid too tall by       0
viewport rect: (9,101 1006x658)
its bottom 759 against a window of 768
after one dispatched key:
  tab bar:      (9,9 1024x42)
  address bar:  (9,55 1024x42)
  viewport:     (9,101 1006x658)
  its bottom 759 against a window of 768
