1-key32-nonce12 valid=True ct=9e79ea5904fb47b2
2-key32-nonce12b valid=True ct=fc773ec7b82f665f
3-roundtrip decrypt=0102030405060708
4-wrong-nonce decrypt=REJECTED
5-nonce16 valid=False ct=
6-key64-nonce12 valid=False ct=
7-key64-nonce12b valid=False ct=
8-nonce11 valid=False ct=
9-decrypt-nonce11 decrypt=REJECTED
