white king e1 with both rights 7
white castles offered 2
knight on f1 5
queenside right withdrawn 6
black rook f8 attacks f1 6
black rook e8 attacks e1 5
black rook g8 attacks g1 6
rights held but no rook 5
black king e8 with both rights 7
black castles offered 2
after O-O ........ ........ ........ ........ ........ ........ ........ R....RK. 
after O-O-O ........ ........ ........ ........ ........ ........ ........ ..KR...R 
after O-O white rooks 2
after O-O kingside right 0
after O-O queenside right 0
after h1 rook moves kingside right 0
after h1 rook moves queenside right 1
ep square after f7f5 21
ep square after f7f6 -1
ep square after a7a5 16
white pawn e5 with ep 2
en passant moves offered 1
white pawn e5 without ep 1
black pawns after the capture 0
board after the capture ........ ........ .....P.. ........ ........ ........ ........ ........ 
ep square after a quiet push -1
white pawn d7 to an empty d8 4
promotions to queen 1
promotions to rook 1
promotions to bishop 1
promotions to knight 1
promotions to pawn 0
promotions to king 0
with a rook on c8 8
with a rook on c8 captures 4
with d8 occupied 0
black pawn d2 to an empty d1 4
black promotions to queen 1
after the promotion ...Q.... ........ ........ ........ ........ ........ ........ ........ 
white queens 1
white pawns 0
perft 1 20
perft 2 400
perft 3 8902
