knight d4 8
knight a1 2
bishop d4 13
bishop a1 7
rook d4 14
rook a1 14
queen d4 27
king d4 8
king a1 3
rook a1 own pawn a2 7
rook a1 enemy pawn a2 8
rook a1 enemy pawn a2 captures 1
bishop d4 own pawn c5 10
bishop d4 enemy pawn c5 11
white pawn d2 2
white pawn d4 1
white pawn d2 blocked d3 0
white pawn d2 blocked d4 1
white pawn d4 two targets 3
white pawn d4 two targets captures 2
black pawn d7 2
white knight white to move 8
white knight black to move 0
black knight black to move 8
black knight white to move 0
perft 1 20
perft 2 400
perft 3 8902
start board rnbqkbnr pppppppp ........ ........ ........ ........ PPPPPPPP RNBQKBNR 
