start clock 0
after Nf3 1
after Nf3 Nf6 2
after a pawn move 0
before a capture 7
after the capture 0
after a quiet move from the same board 8
fifty at 99 no
fifty at 100 yes
fifty at 101 yes
b4 is the start position yes
b8 is the start position yes
b1 is the start position no
clocks differ: b0 0 b4 4 b8 8
occurrences after four plies 2
threefold after four plies no
occurrences after eight plies 3
threefold after eight plies yes
occurrences of b1 after eight plies 2
