cat=1 dog=none prefix=True count=3
has1=False has3=True val3=30
connected-01=True connected-02=False components=3
0,1,2,3
3,1,2,0
count=4 val=150 has5=True has99=False
line=4 circle=24
alive-before=3 alive-after=3
cos(pi/2)=-2 sin(pi/2)=997
(498,750)
tx=100 ty=200
333 333 333
6->6 match=True
hello,world,42
