Battleship: Player 2 wins P1-shots=55 P2-shots=55
Blackjack (10 hands): wins=4 losses=4 pushes=2
DotsAndBoxes: Player 1 wins P1=8 P2=1 in 24 moves
2048: max-tile=256 score=780 moves=315
HexGame: Player 2 wins (left-right) in 86 moves
LiarsDice: Player 2 wins after 103 rounds
Life (20x20): 14 alive after 6 generations (stable)
Mastermind: solved in 6 guesses (secret=276)
Minesweeper: Solved revealed=71 mines-hit=0 moves=71
Othello: White wins Black=19 White=45 in 60 moves
Royal Game of Ur: Player 1 wins in 112 moves
RPS (20 rounds): P1=5 P2=13 ties=2
Sudoku: Solved givens=48 iterations=921
War: Player 1 wins after 1000 rounds
Yahtzee (AI, 13 turns): score=187 in 13 turns
TicTacToe (zero players, perfect play): Draw in 9 moves
Connect4 (AI vs AI, depth=5): Red wins in 15 moves
Checkers: South wins in 93 moves (SK=1 NK=0)
Go 9x9 (AI vs AI): Black wins B=44 W=35 caps=(25/22) moves=127
Mancala: South wins 33-15
Backgammon: Black wins in 104 plies
Set: found 3 sets in 12-card tableau
Poker (10 hands): P1=6 P2=4 overall=P1
SevenCardStud (seed=123): P1=Pair P2=Pair winner=P2
Pinochle: Team0=347 Team1=163 winner=Team0
Bridge: NS contract=3 tricks=8 down score=-50
CrazyEights (3p, 49 turns): winner=P1
GoFish (3p, 50 turns): winner=P3 books=[3,4,6]
Mahjong Solitaire: Stuck matched=15 pairs, remaining=114 tiles
Spider Solitaire (2-suit): Incomplete suits=0/8 moves=158
Monopoly (601 turns): winner=P4
Risk (12 territories, 56 turns): winner=P2
