tokenizer status 0
checkpoint valid yes, clip-l 196/196
load clip-l 0
cat chunks match Forge: yes
cat condition status 0
cat cond all rows within Forge f16: yes
cat cond non-BOS rows within Forge f16: yes
emphasis chunks match Forge: yes
emphasis condition status 0
emphasis cond all rows within Forge f16: yes
emphasis cond non-BOS rows within Forge f16: yes
long chunks match Forge: yes
long condition status 0
long cond all rows within Forge f16: yes
long cond non-BOS rows within Forge f16: yes
empty chunks match Forge: yes
empty condition status 0
empty cond all rows within Forge f16: yes
empty cond non-BOS rows within Forge f16: yes
sabotage cat at clip skip 2 without the final LayerNorm, cond non-BOS rows within Forge f16: no
sabotage emphasis weights at 1, cond non-BOS rows within Forge f16: no
