tokenizer status 0
checkpoint valid yes, clip-l 196/196, openclip-g 389/389
load clip-l 0, openclip-g 0
negative chunks match Forge: yes
negative condition status 0
negative cond_l all rows within Forge f16: yes
negative cond_l non-BOS rows within Forge f16: yes
negative cond_g all rows within Forge f16: yes
negative cond_g non-BOS rows within Forge f16: yes
negative pooled within Forge f16: yes
emphasis chunks match Forge: yes
emphasis condition status 0
emphasis cond_l all rows within Forge f16: yes
emphasis cond_l non-BOS rows within Forge f16: yes
emphasis cond_g all rows within Forge f16: yes
emphasis cond_g non-BOS rows within Forge f16: yes
emphasis pooled within Forge f16: yes
long chunks match Forge: yes
long condition status 0
long cond_l all rows within Forge f16: yes
long cond_l non-BOS rows within Forge f16: yes
long cond_g all rows within Forge f16: yes
long cond_g non-BOS rows within Forge f16: yes
long pooled within Forge f16: yes
negative crossattn non-BOS rows within Forge f16: yes
empty negative zeroed, one chunk: yes
sabotage emphasis weights at 1, cond_l non-BOS rows within Forge f16: no
sabotage long chunked with no comma backtrack, chunks match Forge: no
