tokenizer status 0
checkpoint valid yes, clip-l 196/196, openclip-g 389/389
load clip-l 0, openclip-g 0
cat ids match Forge: yes
cat encode status clip-l 0, openclip-g 0
cat cond_l all rows within Forge f16: yes
cat cond_l rows 1-76 within Forge f16: yes
cat cond_g all rows within Forge f16: yes
cat cond_g rows 1-76 within Forge f16: yes
cat pooled within Forge f16: yes
hero ids match Forge: yes
hero encode status clip-l 0, openclip-g 0
hero cond_l all rows within Forge f16: yes
hero cond_l rows 1-76 within Forge f16: yes
hero cond_g all rows within Forge f16: yes
hero cond_g rows 1-76 within Forge f16: yes
hero pooled within Forge f16: yes
sabotage cat cond_l with erf gelu rows 1-76 within Forge f16: no
sabotage cat cond_g with quick_gelu rows 1-76 within Forge f16: no
sabotage cat cond_g padded with EOS rows 1-76 within Forge f16: no
