cardinals: t0 sin 0 cos 1000   t15 sin 1000 cos 0   t30 sin 0 cos -1000   t45 sin -1000 cos 0  exact yes
identity: worst error over 60 positions 1050  within two parts per thousand yes
up: dy at twelve -100  at six 100  dx at three 100  at nine -100  twelve is up yes  three is right yes
hour hand: 10:00 50  10:30 52  11:00 55  12:00 0  advances yes  and stays short of the next hour yes  twelve wraps to the top yes
pixels: blended 564  the rim is soft yes  centre painted yes  corner clear yes  outside the radius clear yes
second hand at 30: below the centre yes  above it NO  which is down yes
clock-face: reached the end
