cell width gf-gw            : 30
ink width per glyph         : 14
advance per glyph           : 14
box the text must fit       : 116
measured width of 8 glyphs  : 112
comp-fit-px keeps           : 8 of 8
rightmost ink column drawn  : 111
all 8 drawn would end at    : 111
bounding by the cell ends at: 97
