cr0-pe: 1 cr0-pg: 1
cr0-line-shape: True True
cr3-page-aligned: True
cr3-line-has-pml4: True
cr-report-lines: 2
vendor-length: 12
max-leaf-at-least-1: True
leaf0-accepted: 1
leaf0-shape: True
leaf-negative: refused: leaf -1 is not a leaf
leaf-too-high: 2 lines, refused: True
feat-report-lines: 4
long-mode-reported: True
sse2-reported: True
tsc-reported: True
empty-renders-as-word: (none)
nonempty-passes-through: SSE2
