registered: count 2; web running pid 20 restarts 0; dns running pid 45 restarts 0
dns stopped: count 2; web running pid 20 restarts 0; dns stopped pid 45 restarts 0
web failed: count 2; web failed pid 20 restarts 0; dns stopped pid 45 restarts 0
web restarted: count 2; web running pid 21 restarts 1; dns stopped pid 45 restarts 0
dns gone: count 1; web running pid 21 restarts 1; dns absent
