empty: NIC: none
empty: USB: 0 devices on 0 host controllers
empty: Display: none
found: NIC: e1000 52:54:00:ab:cd:ef
found: USB: 1 devices on 1 host controllers
found: Display: 1024x768
banner rows 25
rendered 1: NIC: e1000 52:54:00:ab:cd:ef
rendered 2: USB: 1 devices on 1 host controllers
rendered 3: Display: 1024x768
rendered e5: e5 e
