speed 700 reach 24 window 300 roll 40
thrown left : -300,40 -> left  code 2  wanted left  yes
thrown right: 300,-40 -> right  code 3  wanted right  yes
thrown up   : 40,-300 -> top  code 1  wanted top  yes
thrown down : -40,300 -> bottom  code 0  wanted bottom  yes
the tie     : 200,200 -> right  code 3  wanted right  yes
a throw    : 60,0 over 50 at rate 1000 -> yes  wanted yes  yes
a placement: 20,0 over 50 at rate 1000 -> no  wanted no  yes
exactly 700: 35,0 over 50 at rate 1000 -> yes  wanted yes  yes
no hpet    : 60,0 over 50 at rate 0 -> no  wanted no  yes
no interval: 60,0 over 0 at rate 1000 -> no  wanted no  yes
followed  : left by -60,0 reach 48 -> yes  wanted yes  yes
stopped   : left by -10,0 reach 48 -> no  wanted no  yes
reversed  : left by 60,0 reach 48 -> no  wanted no  yes
up followed: top by 0,-60 reach 48 -> yes  wanted yes  yes
up stopped : top by 0,-10 reach 48 -> no  wanted no  yes
down       : bottom by 0,60 reach 48 -> yes  wanted yes  yes
right      : right by 60,0 reach 48 -> yes  wanted yes  yes
still going: left by -10,0 at 100 ms -> wait  wanted wait  yes
reached    : left by -60,0 at 100 ms -> dock  wanted dock  yes
gave up    : left by -10,0 at 400 ms -> drop  wanted drop  yes
late reach : left by -60,0 at 400 ms -> drop  wanted drop  yes
no hpet    : left by -10,0 at 100 ms -> drop  wanted drop  yes
armed 5 dir top at 1300,7  exact yes
disarmed: watching 0  none 0  ended yes
the baseline, pointer moving throughout:
  at 60 ms x 200 rolled 1 baseline x 100 age 60 ms
  at 120 ms x 300 rolled 1 baseline x 200 age 60 ms
  at 180 ms x 400 rolled 1 baseline x 300 age 60 ms
still moving: release at 180 ms x 400 against baseline x 300 over 60 ms  interval at least one roll yes  fast yes  wanted yes  yes
the same pointer, stopping before the release:
  at 60 ms x 200 rolled 1 baseline x 100 age 60 ms
  at 120 ms x 300 rolled 1 baseline x 200 age 60 ms
  at 180 ms x 400 rolled 1 baseline x 300 age 60 ms
  at 240 ms x 400 rolled 1 baseline x 400 age 60 ms
  at 300 ms x 400 rolled 1 baseline x 400 age 60 ms
stopped     : release at 300 ms x 400 against baseline x 400 over 60 ms  interval at least one roll yes  fast no  wanted no  yes
