scale is 2, selection is 13
FACELESS, each visible row clicked at the centre of its own laid rectangle:
  Clock : not laid
  Calculator : not laid
  Calendar : not laid
  Aquarium : not laid
  Sheets : not laid
  Text Editor : not laid
  Issues : not laid
  Files : not laid
  Console : not laid
  Browser : not laid
  Review : not laid
  3D View : not laid
  Diffusion : not laid
  Appearance : wants 30 answered 30 PASS
  System Info : wants 50 answered 50 PASS
  Web Server : wants 17 answered 17 PASS
  Program Runner : wants 25 answered 25 PASS
WITH A FACE, the same census through comp-fit-text:
  Clock : not laid
  Calculator : not laid
  Calendar : not laid
  Aquarium : not laid
  Sheets : not laid
  Text Editor : not laid
  Issues : not laid
  Files : not laid
  Console : not laid
  Browser : not laid
  Review : not laid
  3D View : not laid
  Diffusion : not laid
  Appearance : wants 30 answered 30 PASS
  System Info : wants 50 answered 50 PASS
  Web Server : wants 17 answered 17 PASS
  Program Runner : wants 25 answered 25 PASS
a heading answers a GROUP code and not a scancode: PASS
the heading answered 131085
