the s - 1 arm against the else arm:
  w 640  ui-scale 1  s - 1 0  else-arm 1  distinguishable yes
  w 1024  ui-scale 2  s - 1 1  else-arm 1  distinguishable no
  w 1600  ui-scale 2  s - 1 1  else-arm 1  distinguishable no
faceless (no TTF on the ESP), last row is the control:
  640x480  ui-scale 1  win-h 326  needs 326  box-h 430  fits yes  dk-win-s 1  reduced no  agrees yes
  800x600  ui-scale 1  win-h 326  needs 326  box-h 550  fits yes  dk-win-s 1  reduced no  agrees yes
  1024x768  ui-scale 2  win-h 326  needs 652  box-h 696  fits yes  dk-win-s 2  reduced no  agrees yes
  1280x800  ui-scale 2  win-h 326  needs 652  box-h 728  fits yes  dk-win-s 2  reduced no  agrees yes
  1600x900  ui-scale 2  win-h 326  needs 652  box-h 800  fits yes  dk-win-s 2  reduced no  agrees yes
  1024x480  ui-scale 2  win-h 326  needs 652  box-h 408  fits no  dk-win-s 1  reduced yes  agrees yes
CMUNSS face: no FAT volume on the boot medium
