window 100,100 400x300  grip 6
the middle   at 300,250 -> none  cursor arrow
left edge    at 101,250 -> l  cursor ew
right edge   at 499,250 -> r  cursor ew
top edge     at 300,101 -> t  cursor ns
bottom edge  at 300,399 -> b  cursor ns
top left     at 100,100 -> tl  cursor nwse
top right    at 500,100 -> tr  cursor nesw
bottom left  at 100,400 -> bl  cursor nesw
bottom right at 500,400 -> br  cursor nwse
far away     at 800,700 -> none  cursor arrow
the band straddles the border:
  left  : outside 96,250 -> l   inside 104,250 -> l   both grab yes
  right : outside 504,250 -> r   inside 496,250 -> r   both grab yes
  top   : outside 300,96 -> t   inside 300,104 -> t   both grab yes
  bottom: outside 300,404 -> b   inside 300,396 -> b   both grab yes
corner pairing: tl==br yes   tr==bl yes   the two diagonals differ yes
hotspots:
  arrow hotspot 0,0
  ew    hotspot 8,12
  ns    hotspot 8,12
  nwse  hotspot 8,12
  nesw  hotspot 8,12
the clip at the edge of the glass, sizer hotspot 8:
  far left   m=0 origin -8 start 0 skip 8 span 8  on the glass yes
  near left  m=2 origin -6 start 0 skip 6 span 10  on the glass yes
  the middle m=800 origin 792 start 792 skip 0 span 16  on the glass yes
  far right  m=1599 origin 1591 start 1591 skip 0 span 9  on the glass yes
resize, window x 100 w 400, floor 200:
  right edge out   pointer x=700 -> x 100 w 600  right edge 700  opposite edge held yes  at least the floor yes
  right edge in    pointer x=400 -> x 100 w 300  right edge 400  opposite edge held yes  at least the floor yes
  right past floor pointer x=120 -> x 100 w 200  right edge 300  opposite edge held yes  at least the floor yes
  left edge out    pointer x=40 -> x 40 w 460  right edge 500  opposite edge held yes  at least the floor yes
  left edge in     pointer x=200 -> x 200 w 300  right edge 500  opposite edge held yes  at least the floor yes
  left past floor  pointer x=480 -> x 300 w 200  right edge 500  opposite edge held yes  at least the floor yes
  top corner tl    pointer x=40 -> x 40 w 460  right edge 500  opposite edge held yes  at least the floor yes
  an edge that is not x pointer x=40 -> x 100 w 400  right edge 500  opposite edge held yes  at least the floor yes
