empty          : [ ]  count 0  top 0
open clock     : [ 5 ]  count 1  top 5
open calc      : [ 5 4 ]  count 2  top 4
cycle          : [ 4 5 ]  count 2  top 5
cycle back     : [ 5 4 ]  count 2  top 4
raise clock    : [ 4 5 ]  count 2  top 5
reopen calc    : [ 5 4 ]  count 2  top 4
close the top  : [ 5 ]  count 1  top 5
close a stranger: [ 5 ]  count 1  top 5
cycle over one : [ 5 ]  count 1  top 5
close the last : [ ]  count 0  top 0
cycle over none: [ ]  count 0  top 0
ids: clock 5 calc 4 none 0 max 15
sixteen into fifteen: count 15  top 15  cap 15  bottom 1  the sixteenth is absent yes
w 1280  first x 160 y 135 w 960 h 546  second x 184 y 159 w 960 h 546  they differ yes  step 24
both open     : [ 5 4 ]  top 4  visible 4
the rect calc leaves: x 184 y 159 w 960 h 546
minimised one : [ 5 4 ]  top 4  visible 5
minimised both: [ 5 4 ]  top 4  visible 0
restored calc : [ 5 4 ]  top 4  visible 4
the rect calc returns to: x 184 y 159 w 960 h 546
minimised now: calc no clock yes
states: normal 0 max 1 min 2
three open    : [ 5 4 9 ]  count 3  top 9  console title Console  its own block yes  blocks distinct yes  positions distinct yes  console x 208 y 183 w 960 h 546
launcher: x 0 y 44 w 1280 h 728  is the content box yes  clock unmoved yes  wants the box: launcher yes clock no
cascade at 1280x800: step 24  margins 160 and 91  worst 144 and 72  inside both yes  distinct of 15: 15
cascade at 1600x900: step 48  margins 200 and 100  worst 192 and 96  inside both yes  distinct of 15: 15
quiet panes: Calendar and Diffusion  own blocks yes  both want the box yes  both placed at it yes  registry [ 2 7 ]
