band is at least its floor: yes
logical rows below band  : 8
menu inside the band     : yes
menu centre resolves to  : menu
clock right of the menu  : yes
clock ends inside band   : yes
band height at 1600      : 28
1024 bitmap band 28 entry 0 asks 0  band at least its floor yes  entry holds a line yes
1024 face   band 34 entry 22 asks 22  band at least its floor yes  entry holds a line yes
1600 bitmap band 28 entry 0 asks 0  band at least its floor yes  entry holds a line yes
1600 face   band 28 entry 11 asks 11  band at least its floor yes  entry holds a line yes
dk-task-px unwritten     : 28
dk-task-px from the cache: 34
