empty: 0
check-empty: changed=0 [no watches]
add-alpha: ok=True watching alpha at 6291456 for 16 bytes
add-beta: ok=True watching beta at 6291520 for 16 bytes
count: 2
origin-untouched: 0
before-any-poke: changed=0 [alpha same, beta same]
after-poke-alpha: changed=1 [alpha CHANGED, beta same]
again-no-poke: changed=0 [alpha same, beta same]
too-long: ok=False watch length 70000 exceeds 65536
zero-len: ok=False watch length must be positive
filled: 32
thirty-third: ok=False watch table full (32)
cleared: 0
full-after-clear: 32
