CONTROL, the built-in index: Source: 14 chapters
browse: Source: 3 chapters
chapters: Alpha,Beta,Gamma
open Beta: Beta (7 lines)
scroll at 12, chapter 1
down one: 13
next chapter: Gamma (4 lines)
scroll at 19, down six stops at 19
search alpha: 2 results for 'alpha'
fn alpha-one (Alpha:8)
type alpha-limit (Alpha:11)
search bridge: 1 results for 'bridge'
fn gamma-alpha-bridge (Gamma:22)
search zzz: 0 results for 'zzz'
sym beta: fn beta-two (Beta:17)
