cursor-set: heap-base + 0x40 = 0x0000000000600040 (6291520)
sym-armed: Symbol Lookup: enter a name
sym-found: fn parse-decl (Parser:22)
fn parse-expr (Parser:23)
fn parse-module (Parser:21)
fn parse-pattern (Parser:25)
fn parse-type (Parser:24)
cursor-after-sym: $ = 0x0000000000600040 (6291520)
sym-armed-again: Symbol Lookup: enter a name
sym-not-found: No symbols matching 'zzz-no-such-symbol'
bp-armed: Breakpoint: enter a function name
bp-name-reached-lookup: Symbol not found: zzz-no-such-function
cursor-after-bp: $ = 0x0000000000600040 (6291520)
expressions-work-again: $ + 1 = 0x0000000000600041 (6291521)
