schedule 6 steps at 50%: ok, 5 sigmas
schedule 6 steps at 75%: ok, 6 sigmas
schedule 20 steps at 30%: ok, 8 sigmas
schedule 10 steps at 100%: ok, 11 sigmas
schedule 6 steps at 70% (hires): ok, 7 sigmas
schedule 4 steps at 35% (hires): ok, 5 sigmas
schedule 6 steps at 100% (hires): ok, 7 sigmas
schedule 3 steps at 20% (hires): ok, 4 sigmas
posterior sample: within 1e-6
opaque binary mask: 0 of 3072 differ, by at most 0
opaque blurred mask: 248 of 3072 differ, by at most 1
opaque overlay mask: 0 of 3072 differ, by at most 0
opaque reduced mask: 0 of 48 differ, by at most 0
opaque latent mask: 0 of 48 differ, by at most 0
transparent binary mask: 0 of 3072 differ, by at most 0
transparent blurred mask: 194 of 3072 differ, by at most 1
transparent overlay mask: 0 of 3072 differ, by at most 0
transparent reduced mask: 0 of 48 differ, by at most 0
transparent latent mask: 0 of 48 differ, by at most 0
pasted-back picture: 0 of 9216 differ, by at most 0
hires latent resize: within 1e-6
masked img2img over a stand-in model: within 1e-5
img2img over a stand-in model: within 1e-5
sabotage, masked img2img with the mask on the output only: PAST 1e-5
sabotage, opaque blurred mask at sigma 3: 2267 of 3072 differ, by at most 13
sabotage, the 6-step 70% hires schedule read as img2img's: WRONG
sabotage, pasted back under the inverted overlay mask: 8930 of 9216 differ, by at most 253
masked content, latent nothing: within 1e-6
masked content, latent noise: within 1e-5
sabotage, latent noise from the seed's second draw: PAST 1e-5
latent upscale's resize taken down: within 1e-6
