encoder weights: 108 uploaded, 0 failed
latent reference: loaded
encode 8x32x32 mean: max 327/100, mean 41/1000, within 0.05: 3690, within 0.5: 4025 of 4096, nan 0
sabotage red and blue exchanged, encode 8x32x32 mean: max 3800/100, mean 10744/1000, within 0.05: 21, within 0.5: 179 of 4096, nan 0
pixel reference: loaded
round trip decode of our mean: max 21, mean 183/1000, within 1: 193490, within 3: 196170 of 196608, nan 0
free: ok
0
