SwinIR 4x: 9 groups of 6 blocks, dim 240, 8 heads, mlp 480, 3conv yes, 0 uploads refused
tile 40 x 32: 61435 of 61440 within 2^-8 of Forge's f32, 61440 within 2^-6, 61440 within 2^-4
sabotage, no shifted windows: 5157 of 61440 within 2^-8 of Forge's f32, 18649 within 2^-6, 44966 within 2^-4
picture 256 x 192 by 4, tile 192 overlap 8: 2290563 of 2359296 bytes equal to Forge's, 2359294 within 1, the largest difference 2
control, tile 96 overlap 8: 989186 of 2359296 bytes equal to Forge's, 1534157 within 1, the largest difference 133
0
