key map: 1060/1060 of Forge's entries derived; 1052/1052 derived names in Forge's map
modules: 722 + 722
input_blocks.4.1.proj_in.weight: 256/256 exact, 256 within 1 ulp; Forge moved 254
input_blocks.4.1.transformer_blocks.0.attn1.to_q.weight: 256/256 exact, 256 within 1 ulp; Forge moved 255
input_blocks.7.1.transformer_blocks.3.ff.net.0.proj.weight: 256/256 exact, 256 within 1 ulp; Forge moved 256
middle_block.1.transformer_blocks.9.attn2.to_k.weight: 256/256 exact, 256 within 1 ulp; Forge moved 254
output_blocks.2.1.transformer_blocks.9.ff.net.2.weight: 256/256 exact, 256 within 1 ulp; Forge moved 253
output_blocks.5.1.proj_out.weight: 256/256 exact, 256 within 1 ulp; Forge moved 255
sabotage strength 0, input_blocks.4.1.proj_in.weight: 2 exact, predicted 2
text-encoder key map: 600/600 of Forge's entries derived with their rows; 1200/1200 derived keys in Forge's map
conditioner.embedders.0.transformer.text_model.encoder.layers.5.self_attn.q_proj.weight rows 0+768: 256/256 exact, 256 within 1 ulp; Forge moved 241
conditioner.embedders.0.transformer.text_model.encoder.layers.10.mlp.fc2.weight rows 0+768: 256/256 exact, 256 within 1 ulp; Forge moved 219
conditioner.embedders.1.model.transformer.resblocks.20.attn.in_proj_weight rows 0+1280: 256/256 exact, 256 within 1 ulp; Forge moved 224
conditioner.embedders.1.model.transformer.resblocks.20.attn.in_proj_weight rows 1280+1280: 256/256 exact, 256 within 1 ulp; Forge moved 233
conditioner.embedders.1.model.transformer.resblocks.20.attn.in_proj_weight rows 2560+1280: 256/256 exact, 256 within 1 ulp; Forge moved 222
conditioner.embedders.1.model.transformer.resblocks.31.attn.out_proj.weight rows 0+1280: 256/256 exact, 256 within 1 ulp; Forge moved 242
conditioner.embedders.1.model.transformer.resblocks.0.mlp.c_fc.weight rows 0+5120: 256/256 exact, 256 within 1 ulp; Forge moved 226
loha input_blocks.4.1.transformer_blocks.0.attn1.to_k.weight: 256/256 exact, 256 within 1 ulp; Forge moved 240
lokr-w2-factored input_blocks.4.1.transformer_blocks.0.attn1.to_v.weight: 256/256 exact, 256 within 1 ulp; Forge moved 235
lokr-w1-factored input_blocks.4.1.transformer_blocks.0.attn2.to_q.weight: 256/256 exact, 256 within 1 ulp; Forge moved 236
diff input_blocks.4.1.transformer_blocks.0.norm1.weight: 256/256 exact, 256 within 1 ulp; Forge moved 240
glora input_blocks.4.1.transformer_blocks.0.attn2.to_out.0.weight: 256/256 exact, 256 within 1 ulp; Forge moved 256
diff_b input_blocks.4.1.transformer_blocks.0.attn2.to_out.0.bias: 256/256 exact, 256 within 1 ulp; Forge moved 241
w_norm input_blocks.4.1.transformer_blocks.0.norm2.weight: 256/256 exact, 256 within 1 ulp; Forge moved 242
b_norm input_blocks.4.1.transformer_blocks.0.norm2.bias: 256/256 exact, 256 within 1 ulp; Forge moved 241
dora input_blocks.4.1.transformer_blocks.0.attn1.to_out.0.weight: 256/256 exact, 256 within 1 ulp; Forge moved 256
locon-mid input_blocks.1.0.in_layers.2.weight: 256/256 exact, 256 within 1 ulp; Forge moved 256
loha-tucker input_blocks.1.0.out_layers.3.weight: 256/256 exact, 256 within 1 ulp; Forge moved 245
lokr-t2 input_blocks.2.0.in_layers.2.weight: 256/256 exact, 256 within 1 ulp; Forge moved 236
diff_b conditioner.embedders.1.model.transformer.resblocks.20.attn.in_proj_bias rows 1280+1280: 256/256 exact, 256 within 1 ulp; Forge moved 241
dora at strength 1 input_blocks.4.1.transformer_blocks.0.attn1.to_out.0.weight: 256/256 exact, 256 within 1 ulp; Forge moved 256
sd15 key map: 405/405 of Forge's entries derived; 391/391 derived names in Forge's map
sd15 model.diffusion_model.input_blocks.1.1.transformer_blocks.0.attn1.to_q.weight rows 0+320: 256/256 exact, 256 within 1 ulp; Forge moved 256
sd15 model.diffusion_model.output_blocks.11.1.proj_in.weight rows 0+320: 256/256 exact, 256 within 1 ulp; Forge moved 256
sd15 cond_stage_model.transformer.text_model.encoder.layers.3.self_attn.v_proj.weight rows 0+768: 256/256 exact, 256 within 1 ulp; Forge moved 256
0
