RealESRGAN x4plus: 702 tensors, fixture 702; names 702, shapes 702, first and last elements 702
RealESRGAN x4plus anime 6B: 192 tensors, fixture 192; names 192, shapes 192, first and last elements 192
sabotage, x4plus against the anime 6B's fixture: 702 tensors, fixture 192; names 182, shapes 182, first and last elements 0
control, the fixture itself: no ZIP central directory with a data.pkl
0
