sdxl: header 364856, tensors 2516, valid yes
sdxl unet: 1680 required, 1680 bound, 0 missing, 0 misshapen, 0 optional
sdxl clip-l: 196 required, 196 bound, 0 missing, 0 misshapen, 2 optional
sdxl openclip-g: 389 required, 389 bound, 0 missing, 0 misshapen, 1 optional
sdxl vae: 248 required, 248 bound, 0 missing, 0 misshapen, 0 optional
sdxl extra 0, unknown 0, complete yes
sdxl bound bytes 6937675734
sdxl last: model.diffusion_model.time_embed.2.weight offset 6935943450 bytes 3276800
sd15: header 155747, tensors 1143, valid yes
sd15 unet: 686 required, 686 bound, 0 missing, 0 misshapen, 0 optional
sd15 clip-l: 196 required, 196 bound, 0 missing, 0 misshapen, 1 optional
sd15 vae: 248 required, 248 bound, 0 missing, 0 misshapen, 0 optional
sd15 extra 12, unknown 0, complete yes
sd15 bound bytes 2132470614
sd15 last: model.diffusion_model.time_embed.2.weight offset 2129357723 bytes 3276800
sd15 as sdxl: complete no, unknown 479, unet 240/1680 clip-l 0/196 openclip-g 0/389 vae 248/248 
sdxl as sd15: complete no, unknown 1852, unet 240/686 clip-l 0/196 vae 248/248 
absent: valid no
0
