blob at 88,22, padding 8, region 55 0 120 49, Forge's
blob at 88,22, padding 8, picture cropped: all 9216 bytes equal
blob at 88,22, padding 8, mask cropped: all 3072 bytes equal
blob at 88,22, padding 8, pasted back: all 28800 bytes equal
blob at 40,74, padding 0, region 24 56 57 80, Forge's
blob at 40,74, padding 0, picture cropped: all 9216 bytes equal
blob at 40,74, padding 0, mask cropped: all 3072 bytes equal
blob at 40,74, padding 0, pasted back: all 28800 bytes equal
blob at 88,22, sabotage, pasted into the unexpanded box: 2759 of 28800 bytes differ
