RealESRGAN x4plus (23 RRDBs): 49152 of 49152 within 2^-8 of Forge's f32, 49152 of its f16
sabotage, the anime 6B's weights (6 RRDBs): 741 of 49152 within 2^-8 of Forge's f32, 737 of its f16
picture 256 x 192 by 4, tile 192 overlap 8: 2252056 of 2359296 bytes equal to Forge's, 2359296 within 1, the largest difference 1
control, the same without the overlap's blend: 2203668 of 2359296 bytes equal to Forge's, 2326788 within 1, the largest difference 188
0
