DAT x4: 6 groups of 6 blocks, dim 180, 6 heads, window 8 x 32, ffn 720, 2 pixel shuffles, 0 uploads refused
tile 64 x 32: 98304 of 98304 within 2^-8 of Forge's f32, 98304 within 2^-6, 98304 within 2^-4
sabotage, the window sides swapped: 51231 of 98304 within 2^-8 of Forge's f32, 92380 within 2^-6, 98293 within 2^-4
picture 256 x 192 by 4, tile 192 overlap 8: 2286409 of 2359296 bytes equal to Forge's, 2359296 within 1, the largest difference 1
control, tile 96 overlap 8: 1377877 of 2359296 bytes equal to Forge's, 2017629 within 1, the largest difference 75
0
