DPM++ SDE, Karras 6:
draw 0: query 1 f32 ulps from Forge's, all 256 within 1e-5
draw 1: query 1 f32 ulps from Forge's, all 256 within 1e-5
draw 2: query 1 f32 ulps from Forge's, all 256 within 1e-5
draw 3: query as Forge's, all 256 within 1e-5
draw 4: query 1 f32 ulps from Forge's, all 256 within 1e-5
draw 5: query as Forge's, all 256 within 1e-5
draw 6: query as Forge's, all 256 within 1e-5
draw 7: query 1 f32 ulps from Forge's, all 256 within 1e-5
draw 8: query 1 f32 ulps from Forge's, all 256 within 1e-5
draw 9: query 1 f32 ulps from Forge's, all 256 within 1e-5
calls 10
DPM++ 2M SDE, Exponential 6:
draw 10: query as Forge's, all 256 within 1e-5
draw 11: query as Forge's, all 256 within 1e-5
draw 12: query as Forge's, all 256 within 1e-5
draw 13: query as Forge's, all 256 within 1e-5
draw 14: query as Forge's, all 256 within 1e-5
calls 5
control, DPM++ SDE at the plain sigmas: 6 of 10 times not Forge's
sabotage, draw 1: query 5519458 f32 ulps from Forge's, 256 of 256 off
our schedules: 2343 of 3840 values off by more than 1e-4, 834 by more than 1e-3, 0 by more than 1e-2
0
