auth flights sh+cert+cv+fin=4
auth client-done=True
auth server-done=True
auth client-authenticated=True
auth agree=True
auth noanchor client-done=True authenticated=False
auth mitm client-done=False authenticated=False out=0
auth downgrade client-done=False
auth expect-wrong client-done=False authenticated=False
