small-order A = R, identity, k = 7 mod 8: refused
small-order A = R, order 2, k = 7 mod 8: refused
small-order A = R, order 4 a, k = 7 mod 8: refused
small-order A = R, order 4 b, k = 7 mod 8: refused
small-order A = R, order 8 a, k = 7 mod 8: refused
small-order A = R, order 8 b, k = 7 mod 8: refused
small-order A = R, order 8 c, k = 7 mod 8: refused
small-order A = R, order 8 d, k = 7 mod 8: refused
small-order R, identity, RFC 8032 key: refused
small-order R, order 2, RFC 8032 key: refused
small-order R, order 4 a, RFC 8032 key: refused
small-order R, order 4 b, RFC 8032 key: refused
small-order R, order 8 a, RFC 8032 key: refused
small-order R, order 8 b, RFC 8032 key: refused
small-order R, order 8 c, RFC 8032 key: refused
small-order R, order 8 d, RFC 8032 key: refused
RFC 8032 test 1: accepted
RFC 8032 test 1, S = L: refused
non-canonical A, y = p: refused
non-canonical R, y = p: refused
non-canonical A, y = p + 1: refused
non-canonical R, y = p + 1: refused
non-canonical A, identity, sign bit set: refused
non-canonical R, identity, sign bit set: refused
non-canonical A, y = p - 1, sign bit set: refused
non-canonical R, y = p - 1, sign bit set: refused
wycheproof: 151 vectors, 88 valid, 63 invalid, 0 disagree
