CONTROL, an allocation before the hole is outside it: PASS
a dead span is picked: 0
the open allocated inside the hole: PASS
the buffer is inside the hole: PASS
room left 14488, at least a page: PASS
the frontier is unmoved: PASS
the entry is claimed for Edit: PASS
the state is a listing of 2: PASS
