health: 200 OK ok
post: 200 OK {"posted":true,"id":"JE-9"}
tb: 200 OK {"debits":250000,"credits":250000,"lines":[{"account":"1000","name":"Cash","debit":250000,"credit":0},{"account":"3000","name":"Common Stock","debit":0,"credit":250000}]}
kpi: 200 OK {"revenue":0,"expenses":0,"net-income":0,"cash":250000,"assets":250000,"liabilities":0,"equity":250000}
bad-json: 400 Bad Request {"error":"body is not valid JSON"}
missing: 400 Bad Request {"error":"missing debit"}
wrong-verb: 400 Bad Request {"error":"POST a journal entry to this route"}
nope: 404 Not Found
ap-aging: 200 OK {"current":0,"days30":0,"days60":0,"days90":0,"over90":0,"total":0}
