coa: accounts=24 cash=Cash
post-balanced: ok je=JE-1 posted=True cash=100000
post-unbalanced: rejected msg=Journal entry is not balanced (debits must equal credits)
post-closed: rejected msg=Period 5/2026 is closed
post-unknown: rejected msg=Period 7/2026 is closed
trial-balance: lines=4 debits=150000 credits=150000 balanced=True
income: revenue=50000 expenses=20000 net=30000
equation: assets=130000 liabilities=0 equity=100000 holds=True
