CODEX -- one month, period 6/2026
three-way-match: True
ap-control-after-payment: 0
ar-control-after-receipt: 0
close-rejects-posting: True
TRIAL BALANCE  debits=5875000 credits=5875000 balanced=True
  1000 Cash  D=4628000 C=0
  1200 Inventory  D=215000 C=0
  1300 Prepaid Expenses  D=40000 C=0
  1500 Fixed Assets  D=480000 C=0
  1510 Accumulated Depreciation  D=0 C=10000
  2100 Accrued Liabilities  D=0 C=34000
  2200 Taxes Payable  D=0 C=93300
  2300 Wages Payable  D=0 C=137700
  3000 Common Stock  D=0 C=5000000
  4000 Sales Revenue  D=0 C=600000
  5000 Cost of Goods Sold  D=345000 C=0
  6000 Salaries Expense  D=140000 C=0
  6100 Benefits Expense  D=17000 C=0
  6400 Depreciation Expense  D=10000 C=0
P&L  revenue=600000 expenses=512000 net-income=88000
BALANCE SHEET  assets=5353000 liabilities=265000 equity=5000000
EQUATION  assets == liabilities + equity + net-income: True
