counts 22 and 41: PASS
root 14 to 18 across a sector R12.TXT,R13.TXT,R14.TXT,R15.TXT,R16.TXT: PASS
EFI 10 to 21 across a cluster S09.TXT,S10.TXT,S11.TXT,S12.TXT,S13.TXT,S14.TXT,S15.TXT,S16.TXT,S17.TXT,S18.TXT,S19.TXT,S20.TXT: PASS
EFI from 38 to the end S37.TXT,S38.TXT,S39.TXT: PASS
window at the head S00.TXT,S01.TXT,S02.TXT,S03.TXT costs 3496, at the tail S35.TXT,S36.TXT,S37.TXT,S38.TXT costs 3496: PASS
CONTROL, the whole listing costs 28208: PASS
