CONTROL, the probe allocates nothing: PASS
CONTROL, the GPT lookup the bracket drops costs: 58528
the open in the hole costs 1992, want 8192, a page to spare: PASS
want at the root: 128
want in a subdirectory: 128
want is the same in both: PASS
CONTROL, the whole listing: root 2520, subdirectory 2864
CONTROL, the whole listing differs: PASS
counts 2 and 1 match the listings: PASS
root window EFI,HELLO.TXT: PASS
root window from 1 HELLO.TXT: PASS
subdirectory window BOOT: PASS
