simple sigmas: 5/5 match Forge's
step 0 to sigma 8907/10000: 64/64 within 2% of rms, worst 2/1000 of rms
step 1 to sigma 7310/10000: 64/64 within 2% of rms, worst 3/1000 of rms
step 2 to sigma 4753/10000: 64/64 within 2% of rms, worst 6/1000 of rms
step 3 to sigma 0/10000: 64/64 within 2% of rms, worst 9/1000 of rms
sabotage, step 0 to the unshifted 0.75: 7/64 within 2% of rms, worst 581/1000 of rms
0
