ok:        valid=True tc=2 mc=0
ok-off:    24
bad-magic: valid=False
md-none:   -1
md-none-t: []
hdr-20:    valid=False
kv-short:  -1
kv-short-t:[]
kv-keylen: -1
kv-keyln-t:[]
kv-strlen: -1
kv-array:  -1
kv-arrhdr: -1
ti-ndim:   valid=False ndim=0
ti-short:  valid=False ndim=0
ti-name:   valid=False ndim=0
dq8-fit:   32
dq8-over:  32
dq4-fit:   32
dq4-over:  32
