doc  in=255 out=0 partial=24 area=381
disc in=255 out=0 partial=60 area=485
drop in=255 out=0 partial=58 area=289
close centre inked : 255
max centre hollow  : 0
set menu=200 grid=332 folder=369 edit=215 terminal=265 power=274 clock=253 calendar=328 eye=242 bell=232 cloud=289 check=171 image=309 star=277 settings=338 info=429 code=169 home=434 file=455 win-close=194 win-min=60 win-max=212 
empty or full : 0 of 22
