ring wrap and loss count True
retained sequence guards True
request byte and status totals True
case insensitive search True
method filter True
combined filters True
in progress record rejected True
CCE text and partial send True
bounded record truncation True
log writer allocation free True
scroll and search input True
log controls fit 1600x900 pane True
overview fits 1600x900 pane True
