=== GroupMembership Tests ===
PASS group-name
PASS self-id
PASS is-leader
PASS gen-1
PASS member-count
PASS alive-count
PASS found-name
PASS hb-updated
PASS suspect
PASS dead
PASS highest-trust-wins
PASS gen-bumped
PASS not-self-leader
PASS leader-returned
PASS gen-bumped-again
PASS total-svcs
PASS web-instances
PASS primary-member
PASS unique-svcs
PASS deduped
=== Done ===
