lower ok [0 255 127] raw=[0 255 127]
mixed-case ok [171 205] raw=[171 205]
empty ok [] raw=[]
odd refused raw=[171]
bad-char refused raw=[0]
bad-low refused raw=[0]
encode=000f10ff upper=000F10FF
dump=01 02
03 04
05
encode linear
encode-upper linear
dump linear
good accepted verify=yes
good-built accepted verify=yes
short-priv refused
bad-hex-priv refused
other-pub refused
other-fp refused
priv-extra refused
empty-priv refused
