HexWar: winner=Player B turns=11 A-lost=3 B-lost=2 VP A=0 VP B=1
HexWar: winner=Player B turns=8 A-lost=2 B-lost=2 VP A=0 VP B=0
HexWar: winner=Draw turns=16 A-lost=1 B-lost=1 VP A=1 VP B=1
HexWar: winner=Player A turns=11 A-lost=2 B-lost=6 VP A=1 VP B=0
HexWar: winner=Player B turns=20 A-lost=6 B-lost=2 VP A=1 VP B=3
HexWar: winner=Player B turns=25 A-lost=4 B-lost=2 VP A=1 VP B=2
HexWar: winner=Draw turns=18 A-lost=4 B-lost=7 VP A=1 VP B=1
HexWar: winner=Player A turns=12 A-lost=0 B-lost=0 VP A=2 VP B=0
HexWar: winner=Draw turns=20 A-lost=6 B-lost=7 VP A=1 VP B=1
HexWar: winner=Player A turns=16 A-lost=6 B-lost=6 VP A=1 VP B=0
HexWar: winner=Player B turns=14 A-lost=6 B-lost=5 VP A=0 VP B=0
HexWar: winner=Player B turns=15 A-lost=5 B-lost=2 VP A=1 VP B=3
HexWar: winner=Draw turns=10 A-lost=3 B-lost=5 VP A=1 VP B=1
