stalingrad seeds 1-10: stranded=0 contact=5
normandy seeds 1-10: stranded=0 contact=0
bulge seeds 1-10: stranded=0 contact=0
panzerblitz seeds 1-10: stranded=0 contact=23
gettysburg seeds 1-10: stranded=0 contact=7
afrika seeds 1-10: stranded=0 contact=10
waterloo seeds 1-10: stranded=0 contact=9
midway seeds 1-10: stranded=0 contact=0
kursk seeds 1-10: stranded=0 contact=3
market-garden seeds 1-10: stranded=0 contact=12
guadalcanal seeds 1-10: stranded=0 contact=11
austerlitz seeds 1-10: stranded=0 contact=4
blitzkrieg seeds 1-10: stranded=0 contact=5
