HexWar: winner=Draw turns=20 A-lost=0 B-lost=0 VP A=0 VP B=0
HexWar: winner=Draw turns=12 A-lost=0 B-lost=0 VP A=0 VP B=0
HexWar: winner=Draw turns=16 A-lost=0 B-lost=0 VP A=0 VP B=0
HexWar: winner=Draw turns=15 A-lost=0 B-lost=0 VP A=0 VP B=0
HexWar: winner=Draw turns=20 A-lost=0 B-lost=0 VP A=0 VP B=0
HexWar: winner=Draw turns=25 A-lost=0 B-lost=0 VP A=0 VP B=0
HexWar: winner=Draw turns=18 A-lost=0 B-lost=0 VP A=0 VP B=0
HexWar: winner=Draw turns=12 A-lost=0 B-lost=0 VP A=0 VP B=0
HexWar: winner=Draw turns=20 A-lost=0 B-lost=0 VP A=0 VP B=0
HexWar: winner=Draw turns=18 A-lost=0 B-lost=0 VP A=0 VP B=0
HexWar: winner=Draw turns=16 A-lost=0 B-lost=0 VP A=0 VP B=0
HexWar: winner=Draw turns=15 A-lost=0 B-lost=0 VP A=0 VP B=0
HexWar: winner=Draw turns=10 A-lost=0 B-lost=0 VP A=0 VP B=0
