good code=200 valid=True body-len=5
not-found code=404 valid=True body-len=0
empty code=0 valid=False body-len=0
runt code=0 valid=False body-len=0
status-only code=200 valid=True body-len=0
no-blank code=200 valid=True body-len=0
cr-only code=200 valid=True body-len=0
big-status code=-1 valid=False body-len=0
neg-status code=-1 valid=False body-len=0
high-body code=200 valid=True body-len=6
one-cr code=0 valid=False body-len=0
good-cl he=38 cl=5
big-cl he=57 cl=-1
neg-cl he=39 cl=-1
no-cl he=27 cl=-1
survived
