-- sample model
valid
-- broken: join names unknown tables
diag 2: join from-table shipments is not a declared table
diag 3: join to-table customers is not a declared table
-- broken: many-to-one without primary key
diag 4: many-to-one join to users has no primary key
-- broken: dimension and measure on unknown tables
diag 5: dimension user_city names undeclared table ghost
diag 6: measure phantom_total names undeclared table phantom
-- broken: duplicate table and measure names
diag 1: duplicate table name orders
diag 7: duplicate measure name net_revenue
