patched 203 tensors
unet model.diffusion_model.input_blocks.4.1.transformer_blocks.0.attn1.to_k.weight: 819200 bytes, equal
unet model.diffusion_model.input_blocks.4.1.transformer_blocks.0.attn2.to_out.0.bias (f32): 640/640 within one f16 rounding of the merge, 602/640 changed from the file
CLIP-L conditioner.embedders.0.transformer.text_model.encoder.layers.5.self_attn.q_proj.weight: 1179648 bytes, equal
G in_proj_weight q third: 3276800 bytes, equal
G in_proj_weight k third: 3276800 bytes, equal
G in_proj_weight v third: 3276800 bytes, equal
G in_proj_bias k third (f32): 1280/1280 within one f16 rounding of the merge, 1205/1280 changed from the file
unnamed model.diffusion_model.out.0.weight (f32): 1280 bytes, equal
control: CLIP-L merged with the fixture alone: 1179648 bytes, DIFFER at byte 0
patched: unet weight vs file: 819200 bytes, DIFFER at byte 0
patched: unet bias (f32) vs file: 2560 bytes, DIFFER at byte 4
patched: CLIP-L q weight vs file: 1179648 bytes, DIFFER at byte 0
patched: G q third vs file: 3276800 bytes, DIFFER at byte 0
patched: G k third vs file: 3276800 bytes, DIFFER at byte 0
patched: G v third vs file: 3276800 bytes, DIFFER at byte 0
patched: G k bias third (f32) vs file: 5120 bytes, DIFFER at byte 0
restored 203 tensors
restored: unet weight vs file: 819200 bytes, equal
restored: unet bias (f32) vs file: 2560 bytes, equal
restored: CLIP-L q weight vs file: 1179648 bytes, equal
restored: G q third vs file: 3276800 bytes, equal
restored: G k third vs file: 3276800 bytes, equal
restored: G v third vs file: 3276800 bytes, equal
restored: G k bias third (f32) vs file: 5120 bytes, equal
