no secret, register: {"error":"server has no session secret"}
keyed register: token is s1000=False length=65
guessed s1000: {"error":"not authenticated"}
issued token: {"handle":"al","display":"Al","id":0,"admin":true}
wrong password: {"error":"wrong password"}
right password: new token differs=True
state dump holds the password=False
forged challenge verify: {"error":"signature verification failed"}
