primary gemstones=True
purple Ruby Sapphire split=True
colorless Diamond=True
gem metadata and token boundaries=True
missing Purple component refused=True
seed99 valid=True
basic exemption=True
exhausted pool named refusal=True
no eligible spells named refusal=True
empty pool named refusal=True
missing required gemstones refused=True
corpus seeds=600
Warlord of the Iron Banner: tested=600 violations=0 first=0
High Sage of the Azure Spire: tested=600 violations=0 first=0
Verdant Keeper of the Old Growth: tested=600 violations=0 first=0
Shadow Prince of the Hollow Court: tested=600 violations=0 first=0
Dawn Commander of the Radiant Host: tested=600 violations=0 first=0
total tested=3000 violations=0
