white 60 black 60
seed 1: winner 1 turns 16 life -8/10
seed 2: winner 1 turns 17 life -4/5
seed 3: winner 0 turns 17 life 9/-4
seed 4: winner 1 turns 16 life -12/14
seed 5: winner 1 turns 14 life -4/20
seed 6: winner 0 turns 16 life 20/-1
seed 7: winner 1 turns 18 life -3/20
seed 8: winner 0 turns 13 life 14/0
