mqtt connect ready=True reason=0 consumed=5
mqtt refused failed=True reason=135
mqtt suback granted=1
mqtt suback-mismatch unconfirmed=True
mqtt publish held=True rt-out=1 dup=8 retries=1 done=True
mqtt inbound count=2 drained=True acks=2 topic=11 payload=2
mqtt qos2-send rel-out=1 rel-hdr=98 held=True done=True
mqtt qos2-outoforder refused=True resent-type=3
mqtt qos2-recv rec-type=5 comp-type=7
