trust-good [10 11]
trust-bad refused
trust-odd refused
rev-good scope=id[10 11] auth=[12 13] sig=[14 15]
rev-cap scope=cap:net auth=[12 13] sig=[14 15]
rev-bad-id refused
rev-bad-hash refused
rev-bad-auth refused
rev-bad-sig refused
base-good [10 11]
base-bad refused
legacy-good [10 11]
legacy-unsigned []
legacy-bad refused
tomb-good path=p sig=[10 11]
tomb-bad path=p sig=[]
proposal-good [10 11]
proposal-bad refused
verdict-good [10 11]
verdict-bad refused
