steps=6 edges=13 start=preamble
GUARD-HELD at=connect
GUARD-SKIPPED at=END completed members=2
REPEATED back-to=connect
HANDLER at=cleanup
REFUSED-IN-GROUP ERRORED: the guest exited before connecting
-- guard-held history --
preamble | step-entered | the run begins
preamble | step-completed | the stage did not exit; the run continues
listen | step-entered | entered
listen | step-completed | the stage did not exit; the run continues
group-2 | step-entered | entered
group-2 | step-completed | the group's guard held, so its steps run
connect | step-entered | entered
-- guard-skipped history --
preamble | step-entered | the run begins
preamble | step-completed | the stage did not exit; the run continues
listen | step-entered | entered
listen | step-completed | the stage did not exit; the run continues
group-2 | step-entered | entered
group-2 | step-skipped | the group's guard did not hold, so its steps are SKIPPED rather than absent
connect | step-skipped | the group's guard did not hold, so this step never ran
exchange | step-skipped | the group's guard did not hold, so this step never ran
