steps=2 edges=4 start=preamble
GREEN completed at=END
REFUSED ERRORED: the report named by -Report is not on disk at=END
UNDECLARED ERRORED: preamble ended with exit=9 and no outcome explains it
-- green history --
preamble | step-entered | the run begins
preamble | step-completed | the stage did not exit; the run continues
apply | step-entered | entered
apply | step-completed | every chapter in the report was processed
-- refused history --
preamble | step-entered | the run begins
preamble | step-failed | the report named by -Report is not on disk
