steps=4 edges=5 start=header
AT-BUILD at=build the plug
OBSERVED-2 ERRORED: the named plug has no directory under codex/plugs, so there is nothing to build
OBSERVED-FELL-THROUGH completed at=END
OBSERVED-3 ERRORED: build the plug ended with exit=3 and no outcome explains it
OBSERVED-2-AT-PREAMBLE ERRORED: preamble ended with exit=2 and no outcome explains it
-- the refused run --
header | step-entered | the run begins
header | step-completed | the stage did not exit; the run continues
preamble | step-entered | entered
preamble | step-completed | the stage did not exit; the run continues
load the plug library | step-entered | entered
load the plug library | step-completed | the stage did not exit; the run continues
build the plug | step-entered | entered
build the plug | step-failed | the named plug has no directory under codex/plugs, so there is nothing to build
