difficulty 1, solved nonce: accepted
difficulty 1, second challenge, 8-byte nonce: accepted
difficulty 0: refused
difficulty -1: refused
difficulty 0, empty challenge and nonce: refused
difficulty 256, unsolved nonce: refused
difficulty 257: refused
difficulty 4294967295: refused
solver at difficulty 0 finds nothing: accepted
