round-trip 3x1 255,0,0 255,0,0 0,0,255
rgb-op 1x1 10,20,30
diff-wrap 1x1 255,255,255
luma-wrap 1x1 255,255,255
index-op 2x1 10,20,30 10,20,30
run-op 3x1 1,2,3 1,2,3 1,2,3
runt refused
bad-magic refused
rgba-op refused
rgba-68 refused
cut-rgb refused
short-count refused
long-count refused
no-end refused
channels-5 refused
