input 0: 64/64 within 1% of rms, rms near
input 1: 64/64 within 1% of rms, rms near
input 2: 64/64 within 1% of rms, rms near
input 3: 64/64 within 1% of rms, rms near
input 4: 64/64 within 1% of rms, rms near
input 5: 64/64 within 1% of rms, rms near
input 6: 64/64 within 1% of rms, rms near
input 7: 64/64 within 1% of rms, rms near
input 8: 64/64 within 1% of rms, rms near
middle: 64/64 within 1% of rms, rms near
output 0: 64/64 within 1% of rms, rms near
output 1: 64/64 within 1% of rms, rms near
output 2: 64/64 within 1% of rms, rms near
output 3: 64/64 within 1% of rms, rms near
output 4: 64/64 within 1% of rms, rms near
output 5: 64/64 within 1% of rms, rms near
output 6: 64/64 within 1% of rms, rms near
output 7: 64/64 within 1% of rms, rms near
output 8: 64/64 within 1% of rms, rms near
out: 64/64 within 1% of rms, rms near
sabotage, no patch: middle: 1/64 within 1% of rms, rms FAR
0
