no extras: L2 error within 1.5%, rms near
FreeU: L2 error within 1.5%, rms near
SAG: L2 error within 1.5%, rms near
PAG: L2 error within 1.5%, rms near
FreeU, SAG and PAG: L2 error within 1.5%, rms near
sabotage, no extras against all three: L2 error PAST 1.5%, rms FAR
dynamic thresholding: L2 error within 1.5%, rms near
all four: L2 error within 1.5%, rms near
sabotage, all three without dynamic thresholding against all four: L2 error PAST 1.5%, rms near
all four through the DDIM CFG++ denoiser: L2 error within 1.5%, rms near
FreeU gated off at Euler's first call, start 0.3, against no extras: L2 error within 1.5%, rms near
FreeU gated on at Euler's first call, start 0, against FreeU: L2 error within 1.5%, rms near
control, FreeU gated off against FreeU: L2 error PAST 1.5%, rms FAR
0
