Cost of Widget, table Item Qty Cost: 250
the SAME lookup after a Colour column is inserted before Cost: 250
a second column by name: Qty of Widget is 3
no row carries that key: REFUSED: LOOKUP found no row whose key is Sprocket
no column carries that header: REFUSED: LOOKUP found no column headed Weight
the key is not unique: REFUSED: LOOKUP found 2 rows whose key is Widget, and a key that is not unique has no single answer
