control: two heap reads with nothing between them differ by 0
a chain of 1000 cells, A1 = 5, so A1000 = 1004
edit A1 to 100 and recalculate: A1000 = 1099
editing A1 recomputes 999, first A2, last A1000
bytes to build and parse the chain: 12956664
bytes for one recalculation: 1340368
bytes for the second recalculation: 1340368
a chain of 4000 cells, A4000 = 4004
bytes to build and parse 4000: 59997848
bytes to recalculate 4000: 5363280
build bytes per cell: 12956 at 1000, 14999 at 4000
