bounds 1000x26  corner 7 9  unset 0  beyond refused yes  beyond reads 0
column 1 sum 500500  row 0 sum 8  row 999 sum 1009
zero is not empty: cell 3,3 reads 0 and is number, cell 4,4 reads 0 and is empty
a text round trips: set yes  reads Widgets  kind text  arena used 11
a second text does not disturb the first: set yes  first Widgets  second Cost per unit  arena used 28
a number cell has no text: yes  and a text cell is not a number: cell 1,2 reads 0
a text in a column of quantities is not summed: was 500500  set row 500 to a label yes  now 499999  dropped by 501
clearing gives back the empty kind: yes cell 0,0 is empty reading 0
the arena refuses rather than truncating: free 216  a string past it no  cell 9,9 is empty  arena used 40
two sheets do not share an arena: a holds first, b holds second, both wrote at offset 9 and 10, and the arenas differ yes
