Codex Shell v0.2
>
commands: install run revoke status list trust untrust rule verify save info help exit
>
installed: hello
>
hello: caps=33 hash=cc642b9f955ce1d3
>
1 programs
>
run: hello grant=33
>
revoked bit 4 from hello new-mask=33
>
hello: caps=33 hash=cc642b9f955ce1d3
>
? unknown command: bogus
>
bye
