reply code=250 ok=True more=False msg=OK
continued code=250 ok=True more=True msg=SIZE 100
bare code=354 ok=True more=False msg=
garbled code=0 ok=False more=False msg=
short code=0 ok=False more=False msg=
first-6 code=0 ok=False more=False msg=
second-6 code=0 ok=False more=False msg=
no-separator code=0 ok=False more=False msg=
third-x code=0 ok=False more=False msg=
first-1 code=0 ok=False more=False msg=
empty code=0 ok=False more=False msg=
dot-body terminators=1 stuffed=True
to-header True
to-two True
good ok cmds=6
inject-from refused
inject-rcpt refused
inject-subject refused
inject-header refused
inject-domain refused
recipients linear
dot-stuff linear
