W anime 31
W cinematic 16
W wide 31
W bright 2.5
W warm 6
W purple 30
W motion 20
W amber 16
W copper 3
W still 19.5
W scale contrast 0
W geometric 14.5
W easley 17.5
W poster 4.5
W portrait 4.5
W bold 5.5
W crowds 2.5
W hard -4.5
W paperback 2
W 16:9 6
W kubrick 7
W dark 3.5
W moebius 3
W studio khara 3
W concept art 3
W painterly 3
W cool 3
W detailed 0.5
W soft 0.5
W landscape 0.5
T 36 30
W anime 31
W cinematic 16
W wide 31
W bright 2.5
W warm 6
W purple 30
W motion 20
W amber 16
W copper 3
W still 19.5
W scale contrast 0
W geometric 14.5
W easley 17.5
W poster 4.5
W portrait 4.5
W bold 5.5
W crowds 2.5
W hard -4.5
W paperback 2
W 16:9 6
W kubrick 7
W dark 3.5
W moebius 3
W studio khara 3
W concept art 3
W painterly 3
W cool 3
W detailed 0.5
W soft 0.5
W landscape 0.5
T 36 30
