N none,hires,anime,realism,quarter,tenint
G Style | More Anime | anime style, cel shaded | photorealistic | - | -
G Style | Warmer | warm golden light |  | - | -
G Tuning | Punchy | high contrast |  | 1.5 | -5
G Tuning | Wild | chaotic | calm, still | -20 | 45
O ColorThemes | teal and gold palette | ice blue and white palette
O Compositions | wide establishing shot composition
O Inspirations | inspired by Moebius linework | in the manner of Syd Mead
O Moods | serene awe-struck wonder
O LightingSetups | golden hour rim lighting | chiaroscuro dramatic contrast
O SamplerHints |  | Euler a
F 1344x768_s20_cfg7_DPMpp2M-SDE_karras_seed-1/prompt_01_first_light.png
P a lighthouse at dawn
M watermark, text, signature, logo, deformed, bad anatomy, disfigured, mutated, extra limbs, missing limbs, poorly drawn face, poorly drawn hands, low quality, worst quality, blurry, out of focus
S 1344 768 20 7 DPM++ 2M SDE karras -1
F 1920x1080_s30_cfg7_DPMpp2M-SDE_karras_seed-1/prompt_02_twin_moons_r01.png
P two moons over a desert\n\npainted in oils, wind-blown sand <lora:dunes:0.8>, ultra high resolution, extremely detailed, 8K
M watermark, text, signature, logo, deformed, bad anatomy, disfigured, mutated, extra limbs, missing limbs, poorly drawn face, poorly drawn hands, low quality, worst quality, blurry, out of focus, low resolution, pixelated
S 1920 1080 30 7 DPM++ 2M SDE karras -1
F 1024x1024_s25_cfg9_Euler-a_normal_seed42/prompt_03_the_forge_r02.png
P a smithy full of sparks, anime art style, cel shading, bold linework
M watermark, text, signature, logo, deformed, bad anatomy, disfigured, mutated, extra limbs, missing limbs, poorly drawn face, poorly drawn hands, low quality, worst quality, blurry, out of focus, photorealistic, photo, 3d render
S 1024 1024 25 9 Euler a normal 42
F 832x1216_s25_cfg5.5_DPMpp3M-SDE_exponential_seed1244773863/prompt_12_glass_city_r12.png
P story context\na city of glass towers, reflections, photorealistic, RAW photo, film grain
M watermark, text, signature, logo, deformed, bad anatomy, disfigured, mutated, extra limbs, missing limbs, poorly drawn face, poorly drawn hands, low quality, worst quality, blurry, out of focus, anime, cartoon
S 832 1216 25 5.5 DPM++ 3M SDE exponential 1244773863
F 512x768_s20_cfg6.25_DPMpp2M-SDE_polyexponential_seed-1/prompt_05_quiet_pond.png
P a pond at night, warm golden light <lora:koi:1.0>
M watermark, text, signature, logo, deformed, bad anatomy, disfigured, mutated, extra limbs, missing limbs, poorly drawn face, poorly drawn hands, low quality, worst quality, blurry, out of focus
S 512 768 20 6.25 DPM++ 2M SDE polyexponential -1
F 1344x768_s12_cfg10_DPMpp2M-SDE_karras_seed-1/prompt_06_neon_alley.png
P an alley in the rain, high contrast, glowing signs
M watermark, text, signature, logo, deformed, bad anatomy, disfigured, mutated, extra limbs, missing limbs, poorly drawn face, poorly drawn hands, low quality, worst quality, blurry, out of focus, noisy
S 1344 768 12 10 DPM++ 2M SDE karras -1
F 1344x768_s50_cfg3_DPMpp2M-SDE_karras_seed-1/prompt_07_storm_wall_r03.png
P a storm over a wall, chaotic
M watermark, text, signature, logo, deformed, bad anatomy, disfigured, mutated, extra limbs, missing limbs, poorly drawn face, poorly drawn hands, low quality, worst quality, blurry, out of focus, calm, still
S 1344 768 50 3 DPM++ 2M SDE karras -1
F 960x640_s20_cfg7.5_DPMpp2M-SDE_karras_seed-1/prompt_08_kite_day.png
P kites over a hill, anime style, cel shaded
M watermark, text, signature, logo, deformed, bad anatomy, disfigured, mutated, extra limbs, missing limbs, poorly drawn face, poorly drawn hands, low quality, worst quality, blurry, out of focus, photorealistic
S 960 640 20 7.5 DPM++ 2M SDE karras -1
L <lora:dunes:0.8>
L <lora:koi:1.0>
L <lora:half:0.2>
L <lora:three:0.8>
L <lora:tick:0.7>
L <lora:drop:0.8>
L <lora:tiny:0.1>
L <lora:big:1.4>
L <lora:zero:0.0>
