U api/v1/models?types=LORA&sort=Highest%20Rated&limit=30&nsfw=false
U api/v1/models?types=LORA&sort=Most%20Downloaded&limit=30&nsfw=false
U api/v1/models?types=LORA&sort=Highest%20Rated&limit=30&nsfw=false&query=anime
U api/v1/models?types=LORA&sort=Most%20Downloaded&limit=30&nsfw=false&query=anime
U api/v1/models?types=LORA&sort=Highest%20Rated&limit=30&nsfw=false
U api/v1/models?types=LORA&sort=Most%20Downloaded&limit=30&nsfw=false
U api/v1/models?types=LORA&sort=Highest%20Rated&limit=30&nsfw=false&query=anime%20girl
U api/v1/models?types=LORA&sort=Most%20Downloaded&limit=30&nsfw=false&query=anime%20girl
U api/v1/models?types=LORA&sort=Highest%20Rated&limit=30&nsfw=false&query=a%26b%3Dc%2Bd
U api/v1/models?types=LORA&sort=Most%20Downloaded&limit=30&nsfw=false&query=a%26b%3Dc%2Bd
U api/v1/models?types=LORA&sort=Highest%20Rated&limit=30&nsfw=false&query=~-_.%21%2A%27%28%29
U api/v1/models?types=LORA&sort=Most%20Downloaded&limit=30&nsfw=false&query=~-_.%21%2A%27%28%29
U api/v1/models?types=LORA&sort=Highest%20Rated&limit=30&nsfw=false&query=na%C3%AFve%20caf%C3%A9
U api/v1/models?types=LORA&sort=Most%20Downloaded&limit=30&nsfw=false&query=na%C3%AFve%20caf%C3%A9
U api/v1/model-versions/by-hash/0A1B2C3D4E
S 1 11
R Detail Tweaker XL|SDXL 1.0|454929|46|concept, detailed, detail, enhancer, undetailed|detailed|img/a.jpg|u/A|A.SAFETENSORS|1|https://civitai.com/models/101?modelVersionId=1001
R Break early|SDXL 1.0|300|31||||||1|https://civitai.com/models/108?modelVersionId=8001
R Turbo Second|sdxl turbo|120|48||x|img/c|||1|https://civitai.com/models/103?modelVersionId=3002
R Lightning|SDXL Lightning|47|46||||u/n1||1|https://civitai.com/models/114?modelVersionId=14001
R Old Style|SD 1.5|90000|48||||u/b.ckpt|b.ckpt|0|https://civitai.com/models/102?modelVersionId=2001
R Seven tags|SD 1.5|46|44|t1, t2, t3, t4, t5|||||0|https://civitai.com/models/113?modelVersionId=13001
R Whole five|SD 1.5|45|50||||||0|https://civitai.com/models/111?modelVersionId=11001
R First file wins|SD 1.5|44|44||||u/j|j.safetensors|0|https://civitai.com/models/110?modelVersionId=10001
R |Unknown|7|42||||||0|https://civitai.com/models/109?modelVersionId=9001
R Null version|Unknown|5|50||||||0|https://civitai.com/models/107?modelVersionId=0
R No id|Pony|0|0||||u/d|d.safetensors|0|
S 2 0
S 3 0
S 4 0
S 5 0
S 6 0
S 7 0
S 8 0
H 1 foo, bar baz
H 2 
H 3 
H 4 
H 5 
H 6 
H 7 
