PASS star-kind
PASS galaxy-kind
PASS nebula-kind
PASS sp-g
PASS sp-o
PASS blue-star
PASS red-star
PASS yellow-star
PASS star-count
PASS sol-name
PASS sol-x
PASS sirius-name
PASS sirius-con
PASS messier-count
PASS m42-name
PASS scene-has-stars
PASS cam-target
PASS added-messier
PASS add-writes-into-the-caller
PASS search-sirius
PASS cam-init-dist
PASS cam-yaw
PASS cam-pitch
PASS cam-zoom-min
PASS cam-goto
PASS db-count
PASS nearest-sol
PASS bright-stars
PASS no-galaxies-in-stars
PASS con-count
PASS orion-name
PASS orion-abbr
PASS orion-lines
PASS ly-small
PASS ly-kilo
PASS pc-small
