plain ok pri=13 body=hello
pri-0 ok pri=0 body=x
pri-191 ok pri=191 body=x
utf8 ok pri=13 body=é
empty-body ok pri=13 body=
letter-pri refused
empty-pri refused
slash-pri refused
pri-192 refused
leading-zero refused
four-digits refused
no-open refused
no-close refused
short refused
no-close-short refused
empty refused
pri-huge refused
encode-utf8 195 169
round-trip h a: café
parse linear
