buckets: 0 of 511 differ from transformers'
embedding: 64/64 within 10 per mille of rms
block 0: 64/64 within 10 per mille of rms
block 1: 64/64 within 10 per mille of rms
block 2: 64/64 within 10 per mille of rms
block 3: 64/64 within 10 per mille of rms
block 4: 64/64 within 10 per mille of rms
block 5: 64/64 within 10 per mille of rms
block 6: 64/64 within 10 per mille of rms
block 7: 64/64 within 10 per mille of rms
block 8: 64/64 within 10 per mille of rms
block 9: 64/64 within 10 per mille of rms
block 10: 64/64 within 10 per mille of rms
block 11: 64/64 within 10 per mille of rms
block 12: 64/64 within 10 per mille of rms
block 13: 64/64 within 10 per mille of rms
block 14: 64/64 within 10 per mille of rms
block 15: 64/64 within 10 per mille of rms
block 16: 64/64 within 10 per mille of rms
block 17: 64/64 within 10 per mille of rms
block 18: 64/64 within 10 per mille of rms
block 19: 64/64 within 10 per mille of rms
block 20: 64/64 within 10 per mille of rms
block 21: 64/64 within 10 per mille of rms
block 22: 64/64 within 10 per mille of rms
block 23: 64/64 within 10 per mille of rms
final: 64/64 within 14 per mille of rms
control, the final output against block 23: 13/64
sabotage, block 0 with no position bias: 11/64
emphasis: 64/64 within 14 per mille of rms
control, without emphasis: 62/64
