prompt 0: 1 chunks of 256, ids match, weights match
prompt 1: 1 chunks of 256, ids match, weights match
prompt 2: 2 chunks of 256, ids match, weights match
prompt 3: 1 chunks of 256, ids match, weights match
prompt 4: 1 chunks of 256, ids match, weights match
prompt 5: 1 chunks of 401, ids match, weights match
prompt 6: 1 chunks of 256, ids match, weights match
prompt 7: 1 chunks of 256, ids match, weights match
control, prompt 1 at weight 1.0: 1 chunks of 256, ids match, weights DIFFER at 2
