tokenizer.json: read
vocab table: 555489 bytes, equal to the oracle's
charsmap table: 237539 bytes, equal to the oracle's
control, one digit changed, vocab table: 555489 bytes, DIFFER at byte 28 (oracle 555489 bytes)
pieces 32100
prompt 0: 88 ids, match
prompt 1: 69 ids, match
prompt 2: 72 ids, match
prompt 3: 74 ids, match
prompt 4: 76 ids, match
prompt 5: 70 ids, match
prompt 6: 69 ids, match
prompt 7: 81 ids, match
prompt 8: 44 ids, match
prompt 9: 1 ids, match
prompt 10: 12 ids, match
prompt 11: 43 ids, match
prompt 12: 15 ids, match
prompt 13: 13 ids, match
sabotage, prompt 13 without the charsmap: 13 ids, DIFFER at 0 (16 ids)
prompt 14: 22 ids, match
