01-full bytes=356 upem=1024 glyphs=3 render=t 9x11 glyphs=96
02-empty bytes=0 upem=0 glyphs=0 render=t 1x1 glyphs=96
03-one bytes=1 upem=0 glyphs=0 render=t 1x1 glyphs=96
04-eleven bytes=11 upem=0 glyphs=0 render=t 1x1 glyphs=96
05-offset-table bytes=12 upem=0 glyphs=0 render=t 1x1 glyphs=96
06-thirty bytes=30 upem=0 glyphs=0 render=t 1x1 glyphs=96
07-sixty bytes=60 upem=0 glyphs=0 render=t 1x1 glyphs=96
08-in-head bytes=240 upem=0 glyphs=0 render=t 1x1 glyphs=96
09-one-short bytes=355 upem=1024 glyphs=3 render=t 9x11 glyphs=96
10-upem-intact 1024
