good plausible=True glyphs=3 A-idx=2 A-contours=1
empty plausible=False
runt plausible=False
trunc-200 plausible=False
many-tables plausible=False
head-far plausible=False
glyphs-huge plausible=False
hmetrics-zero plausible=False
cmap-sub-far plausible=False
loca-flag-short plausible=True
glyph-past-end plausible=True glyphs=3 A-idx=2 A-contours=0
survived
