letter=char 
enter=enter 
backspace=backspace 
tab=tab 
escape=escape 
up=up 
down=down 
left=left 
right=right 
home=home 
end=end 
insert=insert 
delete=delete 
pgup=pgup 
pgdn=pgdn 
shift-A=char +shift 
ctrl-c=+ctrl ctrl-c 
ctrl-s=+ctrl ctrl-s 
cad-valid=delete +ctrl +alt ctrl-alt-del 
cad-unvalidated=delete +ctrl +alt 
attr-yellow-on-blue=30
attr-black-on-black=0
attr-white-on-white=255
pixel=16744512
pixel-black=0
char-31=False
char-32=True
char-126=True
char-127=False
