valid list=True:ok at=True:ok agree=True
text-flip list=False:content hash mismatch at=False:content hash mismatch agree=True
sig-flip list=False:signature invalid at=False:signature invalid agree=True
key-flip list=False:signature invalid at=False:signature invalid agree=True
magic list=False:bad magic at=False:bad magic agree=True
short list=False:binary too small at=False:binary too small agree=True
untrusted list=False:trust score 10 below threshold 5000 at=False:trust score 10 below threshold 5000 agree=True
denied list=False:capability Console denied: refused at=False:capability Console denied: refused agree=True
proofs list=False:proof not found: Termination at=False:proof not found: Termination agree=True
proven list=True:ok at=True:ok agree=True
proof-flip list=False:content hash mismatch at=False:content hash mismatch agree=True
flag-clear list=False:content hash mismatch at=False:content hash mismatch agree=True
flag-set list=False:proof section out of bounds at=False:proof section out of bounds agree=True
resigned list=True:ok at=True:ok agree=True
cap-overrun list=False:a capability entry runs past its section at=False:a capability entry runs past its section agree=True
eff-overrun list=False:an effect entry runs past its section at=False:an effect entry runs past its section agree=True
load list=353 at=353 scope=/data/ net=10.0.0.1:80 agree=True
at-heap accepted=True flat=True under-64k=True
list-heap grows=True faster-than-at=True at-below-list=True
