good-short size=4 ok=True len=2 plen=2 payload=72 105
good-masked size=11 ok=True len=5 plen=5 payload=72 101 108 108 111
two-frames size=3 ok=True len=1 plen=1 payload=65
good-16 size=204 ok=True len=200 plen=200
good-64 size=65546 ok=True len=65536 plen=65536
cut-body size=-1 ok=False len=0 plen=0 payload=
high-len size=-1 ok=False len=0 plen=0 payload=
msb-len size=-2 ok=False len=0 plen=0 payload=
runt size=-1 ok=False len=0 plen=0 payload=
empty size=-1 ok=False len=0 plen=0 payload=
cut-16 size=-1 ok=False len=0 plen=0 payload=
cut-mask size=-1 ok=False len=0 plen=0 payload=
