rows that fit, 200px: 2
rows that fit, 100px: 1
rows that fit, 50px:  1
rows that fit, 0px:   1
14 rows in 200px: page size 2, pages 7
14 rows in 100px: page size 1, pages 14
14 rows in 200px shows 2
14 rows in 100px shows 1
no rows in 100px: pages 1, shows 0
the box GROWS under a reader on a later page, page: 0
and the page it is pulled back to shows 14
