line n=4 first=0,0 last=3,0
rect cmds=5 bounds=0,0,2,2 px=12
circle cmds=10 inside=289 of 289
bezier cmds=2 px=31   arc cmds=2 px=21
asked=16711680 got=0   w1000=10 w500=10
fill rect  in=255 out=0 edge=63 area=65
fill circle  mid=255 corner=0 area=92
curved area=72 flat area=0 curve pays=yes
stroke bar  mid=255 far=0 area=28
stroke cross  mid=255 control bar mid=255 ink at crossing=yes
one edge list, even-odd  mid=47 arm=255
stroke w2 area=28 w4 area=64 wider pays=yes
