minimum header:      (9,9 382x42)
minimum row 0:       (9,55 382x34)
header outer:        46
row pitch:           38
header buttons past the header by: 0
row cells past the row by:         0
paged to 292, page size: 4
paged header:        (9,9 382x42)
paged row 0:         (9,55 382x42)
paged footer:        (9,239 382x42)
the table past its own 292 box by: 0
roomy header:        (9,9 382x45)
roomy header button: (18,18 68x27)
roomy row 0:         (9,58 382x45)
roomy footer:        (9,744 382x45)
header buttons past the header by: 0
empty a: (9,9 182x21)
empty b: (9,34 182x21)
empty c: (9,59 182x21)
