sched: daily at 9:30am match=True no=False
pm: daily at 2:30pm match=True
every-5m: every 300s @300=True
weekly: weekly Mon 2pm
between: every 1800s between 9am and 5pm
pattern: matched(9): user@host
digits: matched(5): 12345
optional: pos=2 neg=2
find: pos=6
rl: tokens=7/10 rate=5/s
burst: empty=False after-2s=True
cms: hello=2 world=1 cms 100x4 total=3
geo: london-paris=0m
bounds: (40712,-74006)-(40712,-74006)
