UEFI mode: tables at 0xf0000, traps at 0xf1000
PE: machine=0x8664 sections=2 entry_rva=0x1000 image_base=0x0
  section .text: VA=0x1001000 size=0x9000
  section .reloc: VA=0x100a000 size=0x200
PE entry: 0x1001000
Loaded PE D:\Projects\NewRepository\build-output\uefi-hello-app.efi (37888 bytes)
UEFI boot: RIP=0x1001000 RSP=0x7ffe00 RDX(SystemTable)=0xf0000
UEFI VM starting (mem=2048MB)...
Guest mem at 0x1000: 00 00 00 00 00
PML4[0]=0xc01003 PDPT[0]=0xc02003 PD[0]=0x83
  exit #1: reason=8 RIP=0xf1129
UEFI: unhandled trap 37 (RIP=0xf1129)
  exit #2: reason=8 RIP=0xf1029
  exit #3: reason=8 RIP=0xf10f1
  exit #4: reason=8 RIP=0xf1029
  exit #5: reason=8 RIP=0xf10f1
  exit #6: reason=8 RIP=0xf10f1
  exit #7: reason=8 RIP=0xf10f1
  exit #8: reason=8 RIP=0xf1029
  exit #9: reason=8 RIP=0xf1029
  exit #10: reason=8 RIP=0xf1051
  exit #11: reason=8 RIP=0xf1029
  exit #12: reason=8 RIP=0xf1029
  exit #13: reason=8 RIP=0xf1049
  exit #14: reason=8 RIP=0xf1029
  exit #15: reason=8 RIP=0xf1049
  exit #16: reason=8 RIP=0xf1029
  exit #17: reason=8 RIP=0xf1049
  exit #18: reason=8 RIP=0xf1029
  exit #19: reason=8 RIP=0xf1009
  exit #20: reason=8 RIP=0xf1121
UEFI app exited cleanly.
UEFI app exited cleanly.
UEFI app exited cleanly.
UEFI app exited cleanly.
UEFI app exited cleanly.
UEFI app exited cleanly.
UEFI app exited cleanly.
UEFI app exited cleanly.
UEFI app exited cleanly.
UEFI app exited cleanly.
UEFI app exited cleanly.
UEFI app exited cleanly.
UEFI app exited cleanly.
UEFI app exited cleanly.
UEFI app exited cleanly.
Guest halted with IF=0 after 37 exits

=== WATCHPOINT HIT #0: halt with IF=0 (GPA=0x0) ===
RIP=00000000000f2000 RSP=00000000007ffe00
RAX=0000000000000000 RBX=0000000000000000 RCX=00000000000f0200 RDX=00000000007ff3e8
RSI=0000000000000000 RDI=0000000000000000 RBP=0000000000000000
R8 =0000000000108db0 R9 =0000000010000000 R10=0000000010000020 R11=00000000007ff3f8
R12=0000000000000000 R13=0000000000000000 R14=0000000000000000 R15=0000000000000000
CR2=0000000000000000
Stack (code-range return addrs):
=== END WATCHPOINT ===

Guest mem at RIP 0xf2000:  f4 f4 f4 f4 f4 f4 f4 f4[00 00 00 00 00 00 00 00 00 00 00 00 00 00 00 00 00 00 00 00 00 00 00 00]
VM exited (code=-1, exits=37, watch_hits=0)
