UEFI mode: tables at 0xf0000, traps at 0xf1000
PE: machine=0x8664 sections=2 entry_rva=0x1000 image_base=0x0
  section .text: VA=0x1001000 size=0x9000
  section .reloc: VA=0x100a000 size=0x200
PE entry: 0x1001000
Loaded PE D:\Projects\NewRepository\build-output\uefi-hello-app.efi (37888 bytes)
UEFI boot: RIP=0x1001000 RSP=0x7ffe00 RDX(SystemTable)=0xf0000
UEFI VM starting (mem=2048MB)...
Guest mem at 0x1000: 00 00 00 00 00
PML4[0]=0xc01003 PDPT[0]=0xc02003 PD[0]=0x83
  exit #1: reason=8 RIP=0xf1129
UEFI: unhandled trap 37 (RIP=0xf1129)
  exit #2: reason=8 RIP=0xf1029
  exit #3: reason=8 RIP=0xf10f1
  exit #4: reason=8 RIP=0xf1029
  exit #5: reason=8 RIP=0xf10f1
  exit #6: reason=8 RIP=0xf10f1
  exit #7: reason=8 RIP=0xf10f1
  exit #8: reason=8 RIP=0xf1029
  exit #9: reason=8 RIP=0xf1029
  exit #10: reason=8 RIP=0xf1051
  exit #11: reason=8 RIP=0xf1029
  exit #12: reason=8 RIP=0xf1029
  exit #13: reason=8 RIP=0xf1049
  exit #14: reason=8 RIP=0xf1029
  exit #15: reason=8 RIP=0xf1049
  exit #16: reason=8 RIP=0xf1029
  exit #17: reason=8 RIP=0xf1049
  exit #18: reason=8 RIP=0xf1029
  exit #19: reason=8 RIP=0xf1009
  exit #20: reason=8 RIP=0xf1121
Unhandled exit reason 4 (RIP=0xa016) after 22 exits
  CR0=0x80000011 CR3=0xc00000 CR4=0x620 EFER=0xd01
  CS: sel=0x8 attr=0xa09b base=0x0 limit=0xffffffff
  SS: sel=0x10 attr=0xc093
  TR: sel=0x18 attr=0x8b base=0xa100 limit=0x67
VM exited (code=-1, exits=22, watch_hits=0)
