UEFI mode: tables at 0xf0000, traps at 0xf1000
PE: machine=0x8664 sections=2 entry_rva=0x1000 image_base=0x0
  section .text: VA=0x1001000 size=0x10200
  section .reloc: VA=0x1012000 size=0x200
PE entry: 0x1001000
Loaded PE D:\Projects\NewRepository\build-output\uefi-hello-fixed.efi (67072 bytes)
UEFI boot: RIP=0x1001000 RSP=0x7ffe00 RDX(SystemTable)=0xf0000
UEFI VM starting (mem=2048MB)...
Guest mem at 0x1000: 00 00 00 00 00
PML4[0]=0xc01003 PDPT[0]=0xc02003 PD[0]=0x83
  exit #1: reason=8 RIP=0xf10f1
  exit #2: reason=8 RIP=0xf1101
  exit #3: reason=8 RIP=0xf1119
  exit #4: reason=2 RIP=0x10e59b
  exit #5: reason=2 RIP=0x10e5aa
  exit #6: reason=2 RIP=0x10e5b4
  exit #7: reason=2 RIP=0x10e5c3
  exit #8: reason=2 RIP=0x10e5d2
  exit #9: reason=2 RIP=0x10e5e1
  exit #10: reason=2 RIP=0x10e5f0
  exit #11: reason=2 RIP=0x10e5ff
  exit #12: reason=2 RIP=0x10e609
  exit #13: reason=2 RIP=0x10e618
  exit #14: reason=2 RIP=0x10e627
  exit #15: reason=2 RIP=0x10e636
  exit #16: reason=2 RIP=0x10e645
  exit #17: reason=2 RIP=0x10e66a
  exit #18: reason=2 RIP=0x10e690
  exit #19: reason=2 RIP=0x10e69f
  exit #20: reason=2 RIP=0x10e6c5
Unhandled exit reason 4 (RIP=0x4803) after 282 exits
  CR0=0x80000011 CR3=0x8000 CR4=0x620 EFER=0xd01
  CS: sel=0x8 attr=0xa09b base=0x0 limit=0xffffffff
  SS: sel=0x10 attr=0xc093
  TR: sel=0x18 attr=0x8b base=0xa100 limit=0x67
VM exited (code=-1, exits=282, watch_hits=0)
