ct-len=11
tag-len=16
roundtrip=pass
tamper-detect=pass
empty-ct=0
empty-key ct=0 tag=0 decrypt=reject
short-key ct=0 tag=0 decrypt=reject
long-key ct=0 tag=0 decrypt=reject
unsupported-key ct=0 tag=0 decrypt=reject
oversized-key ct=0 tag=0 decrypt=reject
empty-nonce ct=0 tag=0 decrypt=reject
short-nonce ct=0 tag=0 decrypt=reject
long-nonce ct=0 tag=0 decrypt=reject
oversized-nonce ct=0 tag=0 decrypt=reject
empty-tag=58e2fccefa7e3061367f1d57a4e7455a
long-key-genuine-tag=reject
long-nonce-genuine-tag=reject
empty-tag-refused=reject
short-tag-refused=reject
long-tag-refused=reject
last-tag-byte-refused=reject
