dict-total=pass
dict-words=pass
dict-counts-multiply=pass
dict-sum=pass
dict-w4-0=pass
dict-w4-1=pass
dict-w6-0=pass
dict-w24-0=pass
dict-index-slots=pass
dict-find-len=pass
dict-find-idx=pass
dict-find-miss=pass
dict-find-short=pass
xf-suffix-space=pass
xf-ferment-first=pass
xf-suffix-the=pass
xf-ferment-all=pass
xf-ferment-utf8=pass
