ic-g00=pass
ic-g01=pass
ic-g02=pass
ic-g10=pass
ic-g11=pass
ic-g12=pass
ic-g20=pass
ic-g21=pass
ic-g22=pass
ic-back-g00=pass
ic-back-g02=pass
ic-back-g20=pass
ic-back-g22=pass
brotli-empty=pass
brotli-small=pass
brotli-runs=pass
brotli-mixed=pass
brotli-cyclic=pass
brotli-smaller=pass
brotli-cyclic-smaller=pass
brotli-valid=pass
brotli-invalid=pass
brotli-high=pass
brotli-high-rt=pass
brotli-ctx-rt=pass
brotli-ctx-smaller=pass
brotli-flat-rt=pass
brotli-flat-smaller=pass
brotli-dict-rt=pass
brotli-dict-smaller=pass
brotli-kraft-rt=pass
brotli-fit-exact=pass
brotli-xform-rt=pass
brotli-xform-smaller=pass
brotli-ctx8-rt=pass
brotli-ctx8-smaller=pass
brotli-blk-rt=pass
brotli-blk-smaller=pass
brotli-dsp-rt=pass
