hi-wire 98 104 105
big-uint-wire 27 0 0 0 1 0 0 0 5
rt-big = uint 4294967301
ai27 = uint 4294967301
nint-min = nint -9223372036854775808
utf8-hi = text hi
utf8-e-acute = text é
tag = tag 1 uint 1
nested-pair = array 2
map = map 1
deep-200 = array 1
true = bool True
null = null
undefined = null
bytes = bytes 7 9
trailing = refused
half-float = refused
cut-text = refused
cut-arg = refused
reserved-ai = refused
indefinite = refused
ai27-topbit = refused
huge-count = refused
deep-300 = refused
bad-utf8 = refused
simple-0 = refused
empty = refused
cut-map = refused
cut-bytes = refused
