deflate-empty=pass
deflate-small=pass
deflate-medium=pass
deflate-repeated=pass
gzip-small=pass
gzip-medium=pass
gzip-repeated=pass
gzip-valid=pass
gzip-invalid=pass
deflate-smaller=pass
gzip-smaller=pass
best-empty=pass
best-repeated=pass
best-incompressible=pass
best-smaller=pass
best-vs-fixed=pass
best-is-stored=pass
