hi-wire 162 104 105
big-uint-wire 207 0 0 0 1 0 0 0 5
big-neg-wire 211 255 255 255 255 0 0 0 0
rt-big = int 4294967301
rt-big-neg = int -4294967296
int8-pos = int 5
int8-neg = int -5
int16-neg = int -2
int32-neg = int -100000
int64-min = int -9223372036854775808
uint64-max = int 9223372036854775807
str8 = str hi
utf8-e-acute = str é
bin16 = bin 7 9
map32 = map 1
array16 = array 2
deep-200 = array 1
neg-fixint = int -1
nil = nil
true = bool True
trailing = refused
float32 = refused
unused-193 = refused
fixext = refused
cut-str = refused
cut-uint16 = refused
uint64-topbit = refused
huge-array32 = refused
deep-300 = refused
bad-utf8 = refused
cut-map = refused
empty = refused
cut-bin32 = refused
