new: commands=14 max-visible=12 open=false highlight=0
filter run: c13,c14
filter open=c01,c02 Open=c01,c02
filter zzz: visible=0 highlight=0
nav: down=1 down-x13=13 down-x14-wraps=0 up-from-zero-wraps=13
nav on empty: up=0 down=0
confirm: at-zero=1 at-three=4
confirm empty: plain=0 after-up=0
selected: at-two=c03 empty-after-up=none
negative highlight: confirm=0 selected=none
widget: kids=14 search=input() sep=sep
highlight: row0=focused row1=normal after-down row0=normal row1=focused
past cap: highlight=13 rows-drawn=12 rows-marked=1 first-row=[save file]
window at rest: first-row=[open file] at-eleven=[open file] at-twelve=[Open folder]
keys: down=1 up-wraps=13 escape-closes=yes letter-ignored=0
toggle: open=true closed-again=false close=false
