basic ok { title = "My Config", port = 8080, debug = true }
tables ok { a = { x = 1 }, b = { x = 2 } }
path b.x = 2
top-then-table ok { k = 1, a = { x = 2 } }
hash-in-string ok { s = "a # b" }
literal ok { p = "x y" }
signs ok { n = -42, m = 7, z = 0 }
max-18 ok { n = 999999999999999999 }
empty ok {  }
comments ok {  }
no-eq refused
dup-key refused
dup-table refused
key-then-table refused
unterminated refused
after-string refused
array refused
float refused
digits-19 refused
digits-20 refused
header-junk refused
leading-zero refused
empty-value refused
bad-key refused
open-header refused
array-table refused
dotted-table refused
escape refused
trim linear
emit linear
parse linear
deep-keys pairs=200000
