utf8-ascii-len=pass
utf8-ascii-cp=pass
utf8-2byte-one-char=pass
utf8-2byte-cp=pass
utf8-3byte-one-char=pass
utf8-3byte-cp=pass
utf8-4byte-one-char=pass
utf8-4byte-cp=pass
utf8-lead-ascii=pass
utf8-lead-continuation=pass
utf8-truncated-dropped=pass
utf8-stray-cont-dropped=pass
utf8-3byte-cce-bytes=pass
utf8-roundtrip-3byte=pass
utf8-roundtrip-4byte=pass
