few: data delivered intact: yes
few: compacted: no
lots: data delivered intact: yes
lots: compacted at least once: yes
lots: heap within one arena and four frames: yes
lots uncompacted at the few rate would pass that bound twice over: yes
lots: every frame consumed and resubmitted: yes
lots: every send completed: yes
lots: still established, recv-next past the payload: yes
