gw-before=6
count-after-300=64
capped-at-max=True
gw-survived-flood=True
dup-twice-count=10
dup-updates-not-appends=True
instep-flood=True
instep-dup=True
poison-count=1
poison-taught-nothing=True
poison-queued=0
poison-gw-intact=True
asked-us-output=arp-replied
asked-us-queued=1
asked-us-taught-nothing=True
survived
