scan: 10
filter-eq: 4
filter-range: 4
project: 10 first=Alice|130000
sort-asc: first=8|Heidi|Sales|76000|3
sort-limit: 3 top=Grace
distinct-dept: 3
group: 3 groups
nl-join: 12
left-join: 30
union: 7
intersect: 10
except: 6
compound: 2 top=Delta|500|1
hash-join: 10 build=3
semi-join: 7
anti-join: 2
sm-join: 10
colstore: sum-qty=1120 min-price=25 max-price=120 avg-price=61
col-filter: 4
mr-sum: 4 groups
mr-count: 3 products
rle: entries=3 sum=10
txn: c=1 a=1
wal: rec=6 c1=True c2=False
locks: s1=G x3=W
lock-release: before=W
deadlock: victim=30
no-deadlock: ok
mvcc: snap1=2 snap2=1 snap3=1
mvcc-gc: before=2 after=1
occ: before-update=ok after-update=conflict
rebalance: before=5 after=5 h=1
range-scan: 3
page: slots=2 read=3 after-del=N
row-rt: 42|hello|T
bp: evictions=1 frames=2
bulk: 3 ok=True
import: 2 ok=True
pushdown: Join
plan-cache: q1=hit q2=miss after-stale=miss
protocol: ok=True
backup: tables=3 rows=26 ok=True
security: admin=admin reader=read-only bad=denied
row-sec: readonly=yes admin=no
time-window: 10am-wed=True 10pm-wed=False 10am-sun=False
join-choice: small=HJ big=HJ
heap-update: first-dept=Eng rows=3
