create-insert: rows=3
select-all: count=3 data=1 | Alice | alice@codex.dev | 30; 2 | Bob | bob@codex.dev | 25; 3 | Carol | NULL | 35
filter(age>28): count=2 data=1 | Alice | alice@codex.dev | 30; 3 | Carol | NULL | 35
project(name,age): count=3 data=Alice | 30; Bob | 25; Carol | 35
sort(age desc): first=3 | Carol | NULL | 35
limit(2): count=2
group-all: 3 | 90 | 30
delete(row 1): remaining=2 data=1 | Alice | alice@codex.dev | 30; 3 | Carol | NULL | 35
drop: exists-after=False tables=0
txn: committed=1 aborted=1 ok=True
locks: S1=True S2=True X3-waits=True
deadlock: detected, victim=3
wal: records=3 txn1-committed=True
