CONTROL, an allocation before the hole is outside it: PASS
a dead span is picked: 0
the allocation comes from the hole: PASS
the frontier is unmoved: PASS
the entry is claimed: PASS
a claimed span is refused to the next pane: PASS
a want nothing fits answers: -1
the ceiling is the span's top: PASS
room on entry: 8192
CONTROL, the probe does not move the cursor: PASS
room after allocating 64: 8128
the allocation spent exactly its own bytes: PASS
a want under the room is granted: PASS
a want over the room is REFUSED: PASS
room outside the extent: 0
outside the extent every want is refused: PASS
the refused pane's allocation lands outside the hole: PASS
no hole means no room: 0
no hole refuses one byte: PASS
