sticky bit 4       : 16
lanphypc bit 10    : 1024
entry bits         : 1040
board 0800 masked  : 2048
armed 0C10 masked  : 2048
reserved bit kept  : yes
shipped ulp step   : off
gate answers       : 0
1 kill armed before: 3088
2 kill after gate  : 3088
3 pass after write : 2048
   write read back : 2048
   entry bits gone : yes
   reserved kept   : yes
