public key first difference = -1
sample signature first difference = -1
test signature first difference = -1
own sample signature verifies = True
sample signature verifies against test = False
other key signature differs = True
other key signature verifies under this key = False
zero key signs = 0
order key signs = 0
short key signs = 0
