leaf parsed = yes, key = ecdsa-p256, can-verify = True
inter parsed = yes, key = ecdsa-p256, can-verify = True
root parsed = yes, key = ecdsa-p384, can-verify = True
leaf signed by inter = True
leaf signed by root = False
leaf signed by leaf = False
inter signed by root = True
tampered tbs signed by inter = False
tampered s signed by inter = False
sha-256 arm on the genuine pair = True
sha-384 arm on the genuine pair = False
genuine der signature = len 64
one trailing byte = rejected
single-byte r and s = len 64
short r lands at 31 = 1
short s lands at 63 = 1
negative r = rejected
oversize r = rejected
