a new region is discovered: us-south at 30000,-95000, regions 7
two claims, b then a, decided by node-a: us-south at 31000,-96000
the same two, a then b, decided by node-a: us-south at 31000,-96000
a claim on a declared region: us-east at 39000,-77000
an unhealthy lower-named claimant loses to a healthy one, decided by node-m: us-south at 30000,-95000
no claims at all, regions 6
