first visit: fresh to node-a
a lighter node appears, the player returns: sticky to node-a
a player with no session takes the lighter one: fresh to node-b
the sticky node fails, a healthy one is left: fresh to node-b
the sticky node fails and nothing is left: refused: region us-east has no healthy node
an empty region: refused: region us-east has no healthy node
nothing is remembered from a refusal: 0
