shadow edge is a blend   : yes
same pixel lit in plain  : yes
lit plane pixel unchanged: yes
cube unshadowed by itself: yes
shadow area is real      : yes
shadow cost pixel-free   : yes
shadowed sample          : 4011304
plain sample             : 4734767
ambient constant         : 1512464
shadow pixel count       : 336
cube pixels changed      : 0
