null depth: clear answered -1  refused yes  and the guest is still alive to say so yes
null base: clear answered -1  refused yes
low base 0x8000: clear answered -1  refused yes
real target: clear answered 0  did not refuse yes  depth[0] 999999999  depth[last] 999999999  both far yes  colour[0] 99  cleared yes
engine-fill-guard: reached the end, so nothing wrote through the tables
