nearest samples texel A  : yes
nearest samples texel B  : yes
repeat wraps to texel A  : yes
clamp holds at texel B   : yes
quad lower-left exact A  : yes
quad upper-right exact A : yes
quad upper-left exact B  : yes
quad lower-right exact B : yes
grey modulate exact      : yes
untextured unlit intact  : yes
texture cost pixel-free  : yes
upper-left sample        : 2113736
lower-left sample        : 13111328
grey lower-left sample   : 5113356
