short checksum LONGNA~1.TXT 244
short checksum BBB~1.COD 54
ordinal at slot 0 2
last at slot 0 True
ordinal at slot 1 1
last at slot 1 False
assembled LongNameExample.txt
find LongNameExample.txt LONGNA~1.TXT
find lowercase spelling LONGNA~1.TXT
find the alias LONGNA~1.TXT
find BBB.codex BBB~1.COD
find absent name <none>
wrong checksum finds long <none>
wrong checksum finds alias BBB~1.COD
wrong checksum assembles <none>
