format True
root cluster 2 spc 8
A slots 3
A write True
A by long name Hi
A by alias Hi
A no truncated ghost <none>
B write True
B by long name OK
B by second alias OK
A survives B Hi
C write True slots 1
C by its own name Z
D write True
D through a long directory Dot
E past 255 refused True
A survives the refusal Hi
