format True
root cluster 2 spc 8 slots per cluster 128
root chain now 2 then 3
padded slots 0 to 125
C records 3 at slots 126 127 128, short at 129, so the run crosses slot 128
D records 2 at slots 130 131, short at 132, wholly inside the second cluster
C run straddling a cluster found CROSSC~1.TXT
D run inside the second cluster found INNER2~1.TXT
C still answers its alias found CROSSC~1.TXT
absent name <none>
