n 2 2
d16 EFI a16 c3 s0 / CODEX.CDX a32 c100 s2139712
d32 CODEX.CDX a32 c131172 s2139712
end True False zombies 0
dot True True False
pad [EFI   ] row [CODEX.CDX       2139712]
size <DIR> 2139712
hex [e5 00 00 00  ....]
path [ESP:/EFI/BOOT/]
rowat 0 0 1 -1 -1
top 0 1 2
close True False False
files-parse ok
