integer eq  yes direct yes
integer ne  no direct no
text eq     yes direct yes
text ne     no direct no
list eq     yes direct yes
list ne     no direct no
record eq   yes direct yes
record ne   no direct no
sum eq      yes direct yes
sum ne      no direct no
maybe eq    yes direct yes
maybe ne    no direct no
differ eq   no direct no
differ ne   yes direct yes
passed on   yes direct yes
passed ne   no direct no
count int   3 direct 3
count text  2 direct 2
eqd list eq yes direct yes
eqd list ne no direct no
eqd maybe eq yes direct yes
eqd maybe ne no direct no
via same eq yes direct yes
via same ne no direct no
tree eq     yes direct yes
tree ne     no direct no
tagged eq   yes direct yes
tagged ne   no direct no
nested eq   yes direct yes
nested ne   no direct no
