stride fill: row0 last visible = yes
stride fill: row0 first padding untouched = yes
stride fill: last row origin painted = yes
stride fill: last row padding untouched = yes
stride put: lands at stride offset = yes
CALIBRATION width-pitch fill clobbers the padding = yes
CALIBRATION width-pitch fill misses the last row = yes
