fused attention 100 x 77, 2 heads: 64/64 within 1e-3 of the f64 reference, guard row intact; sabotage 64 keys: 7/64 (the references predict 7), 64/64 on the 64-key reference
fused attention 128 x 200, 2 heads: 64/64 within 1e-3 of the f64 reference, guard row intact; sabotage 64 keys: 5/64 (the references predict 5), 64/64 on the 64-key reference
fused attention 128 x 200, q x 8, keys past 32 x 4, 2 heads: 64/64 within 1e-3 of the f64 reference, guard row intact; sabotage 64 keys: 3/64 (the references predict 3), 64/64 on the 64-key reference
