add: 1000/1000, sabotage caught
add-channel: 30/30, sabotage caught
silu: 1024/1024, sabotage caught
gelu: 1024/1024, sabotage caught
quick-gelu: 1024/1024, sabotage caught
layer-norm: 512/512, sabotage caught
group-norm: 192/192, sabotage caught
softmax: 70/70, sabotage caught
attention: 40/40, sabotage caught
causal softmax: 72/72, sabotage caught
causal attention: 48/48, sabotage caught
layer-norm, a block per row: 512/512, sabotage caught
layer-norm, a block per row, 300 wide: 900/900, sabotage caught
group-norm, a block per row: 192/192, sabotage caught
softmax, a block per row: 70/70, sabotage caught
softmax, a block per row, 300 wide: 900/900, sabotage caught
softmax to f16, a block per row: 70/70, sabotage caught
softmax to f16, a block per row, 300 wide: 900/900, sabotage caught
split heads to f16: 60/60, sabotage caught
split heads to f16, transposed: 60/60, sabotage caught
concat: 60/60, sabotage caught
upsample: 240/240, sabotage caught
timestep: 960/960, sabotage caught
geglu: 48/48, sabotage caught
transpose: 60/60, sabotage caught
split heads: 60/60, sabotage caught
split heads, transposed: 60/60, sabotage caught
merge heads: 60/60, sabotage caught
0
