file range: 4096/4096 exact
file tail: 1192/1192 exact
past end of file: refused
escape root: refused
past buffer: refused
second root: 16/16 exact
save without -gpu-out: refused
f32 to f16: ok
bf16 to f16: ok
e4m3 to f16: ok
e5m2 to f16: ok
f16 to f16: ok
f16 to f32: ok
gemm 4096^3 f16: tile 256/256, checksum 47
free: ok
double free: refused
0
