copy cols, 5 x 7 into 12 from column 3: 60/60, sabotage caught
gelu tanh: 1024/1024, sabotage caught
rms norm, a block per row, 300 wide: 1800/1800, sabotage caught
layer norm, modulated, 300 wide: 1500/1500, sabotage caught
gated residual: 1200/1200, sabotage caught
rope in place, 3 heads of 128 from column 64: 4480/4480, sabotage caught
patchify 3 x 6 x 8: 144/144, sabotage caught; unpatchify, round trip: 144/144, sabotage caught
