fp8 qkv 200 x 9216 x 3072 + b: 64/64 within 1e-5 of the f64 reference, 94188 subnormal weights in the sampled rows; sabotage K - 4: 0/64
pipelined fp8 qkv 200 x 9216 x 3072 + b: 64/64 within 1e-5 of the f64 reference, 94188 subnormal weights in the sampled rows; sabotage K - 4: 0/64
pipelined fp8, row tiles first, qkv 200 x 9216 x 3072 + b: 64/64 within 1e-5 of the f64 reference, 94188 subnormal weights in the sampled rows; sabotage K - 4: 0/64
