the pool offers a gem and two cards that are not one: 0 7 8
screw on, zero gems: fires yes, hand 1, grave 1, rays 1, grave holds 7
screw on, one gem: fires no, hand 2, grave 0, rays 0, grave holds none
screw on, empty hand: fires no, hand 0, grave 0, rays 0, grave holds none
screw off, zero gems: fires no, hand 2, grave 0, rays 0, grave holds none
flood pitch 2, three gems: fires yes, hand 3, grave 2, rays 0, grave holds 7 0
flood pitch 1, three gems: fires yes, hand 4, grave 1, rays 0, grave holds 7
flood pitch 2, two gems: fires no, hand 3, grave 0, rays 0, grave holds none
flood off, three gems: fires no, hand 4, grave 0, rays 0, grave holds none
flood pitch 2, three gems, empty library: fires yes, hand 1, grave 2, rays 0, grave holds 0 0
