still established after 1100 acks: yes
uncompacted, 100 acks retain heap: yes
uncompacted, 1000 acks retain nine to eleven times as much: yes
uncompacted, 1000 acks pass the compaction threshold: yes
compacted, 1000 acks compacted at least once: yes
compacted, heap above the mark within one arena and one frame at 100 and 1000: yes
compacted, still established with the same recv-next: yes
