host: api.example.com
port: 8443
path: /v1/status
default-port: 80
default-path: /
headers-end: 65
content-length: 14
complete: yes
status: 200
body: codex-fetch-ok
resolve-dns: Ok 127.0.0.1
https: Err https: refusing to fetch https://example.com/x in the clear. fetch carries no trust anchors and no entropy, so it cannot authenticate a server; use fetch-tls, which takes both
