control: openssl 2048-bit signature verifies = True
signature zero = False
signature one = False
signature n - 1 = False
signature equal to n = False
signature all ones (above n) = False
exponent zero = False
exponent two = False
modulus all zero = False
modulus one = False
pss: signature zero = False
pss: signature one = False
pss: signature n - 1 = False
512-bit key, its genuine pkcs1 signature = False
1024-bit key, its genuine pkcs1 signature = False
1024-bit key, its genuine pss signature = False
