exit e30000000007000f
guard8 ffffffffffffffff
guard-neg2 ffffffffffffffff
reg256 ffffffffffffffff
reg-neg ffffffffffffffff
sys36 ffffffffffffffff
imm-wide ffffffffffffffff
imm-low ffffffffffffffff
imm-min 010800000007f001
float-imm ffffffffffffffff
cb-unaligned ffffffffffffffff
cb-bank32 ffffffffffffffff
cb-off-wide ffffffffffffffff
imm20-wide ffffffffffffffff
imm20-low ffffffffffffffff
setp-cmp0 ffffffffffffffff
setp-pt ffffffffffffffff
ldg64-odd ffffffffffffffff
ldg-width16 ffffffffffffffff
ldg-off-wide ffffffffffffffff
ldg-edge eed4280000070200
bra-misaligned ffffffffffffffff
iscadd-shift32 ffffffffffffffff
lop3 ffffffffffffffff
xmad-cb-cbcc ffffffffffffffff
xmad-imm-h1 ffffffffffffffff
xmad-imm-wide ffffffffffffffff
xmad-psl-chi ffffffffffffffff
xmad-mode5 ffffffffffffffff
iaddc-flags16 ffffffffffffffff
iaddc-negimm ffffffffffffffff
setpc-bool3 ffffffffffffffff
setpc-q8 ffffffffffffffff
shf-cb ffffffffffffffff
shf-imm64 ffffffffffffffff
shf-type1 ffffffffffffffff
mul-ok 3
mul-d-is-a 0
mul-x-is-a 0
mul-x-is-b 0
mul-x-is-c 0
mul-x-is-d 0
mul-x-is-rz 0
mul-imm 0
