case 0 aesgcm=ACCEPTED chachapoly=ACCEPTED poly1305=ACCEPTED
case 1 aesgcm=REJECTED chachapoly=REJECTED poly1305=REJECTED
case 2 aesgcm=REJECTED chachapoly=REJECTED poly1305=REJECTED
case 3 aesgcm=REJECTED chachapoly=REJECTED poly1305=REJECTED
case 4 aesgcm=REJECTED chachapoly=REJECTED poly1305=REJECTED
case 5 aesgcm=REJECTED chachapoly=REJECTED poly1305=REJECTED
case 6 aesgcm=REJECTED chachapoly=REJECTED poly1305=REJECTED
