fresh-listener-admits=True
claimed-remote-port=49152
claimed-admits-stranger=False
relisten-state=LISTENING
relisten-remote-port=0
second-caller-admitted=True
second-caller-claims=49153
established-state=ESTABLISHED
closing-state=FIN_WAIT_1
relisten-after-established=LISTENING
relisten-after-established-port=0
third-caller-admitted=True
third-caller-claims=49153
rexmit-after-relisten=0
