cv content-len=130
cv content-matches-spec=True
cv roles-differ=True
cv msg-len=68
cv verify-server=True
cv verify-as-client=False
cv verify-wrong-transcript=False
cv verify-truncated=False
cert msg-len=313
cert roundtrip=True
cert rej-truncated=True
cert rej-empty=True
ext sigalgs-len=14
ext sigalgs-type=13
ext sigalgs-schemes=2055,1027,1283,2052
