valid: w dtype 1 shape 2x3 bytes 1000..1012, 1 tensor
global os.system: refused: GLOBAL os.system refused
OrderedDict with an argument: refused: REDUCE of collections.OrderedDict with 1 arguments refused
STACK_GLOBAL: refused: opcode 0x93 refused
persistent id tagged evil: refused: a persistent id tagged evil refused
strided tensor: refused: 'w' is not contiguous
missing storage: refused: 'w' names storage 0, which is not in the zip
