simple ok=True contours=1 point=100,100 advance=120
translated ok=True contours=1 point=110,120 advance=200
scaled ok=True contours=1 point=50,50 advance=200
nested ok=True contours=1 point=55,60 advance=200
attached ok=True contours=2 point=200,100 advance=120
matrix ok=True contours=1 point=150,100 advance=200
cycle=False
truncated=False
budget=False
invalid-id=False
