under: 0..0 w=1 cohort=True
one:   1..1 w=1 cohort=True
mid:   45..45 w=1 cohort=True
range: 100..104 w=5 cohort=False
open:  110..-1 w=0 cohort=False
sex m: 0
sex f: 1
sex ?: -1
series: AA | Persons | Male / Under 1 year
series: HX | Persons | Female / 110 years and over
not a series: rejected
blank: rejected
col: A61AA1980
col: A61HX2020
