control: rfc 7748 agreement matches = True
raw ladder on order-8 point a is all zero = True
u = 0 refused = True
u = 1 refused = True
order-8 point a refused = True
order-8 point b refused = True
u = p - 1 refused = True
u = p refused = True
u = p + 1 refused = True
short peer key refused = True
empty peer key refused = True
tls client connects on an all-zero server share = False
tls client connects on bob's share = True
