minted ca=True rogue=True leaf=True rogue-leaf=True dev-self=True
ca parse=ok ca=True self-issued=True key=True
leaf parse=ok ca=False issuer-is-ca-subject=True self-issued=False key=True dev-only=True
dns=True ip=True
key-id ca-ski=True leaf-aki=True
leaf alone=ok
leaf with ca=ok
wrong host=wrong-identity
too late=expired
tampered leaf=bad-signature
same name wrong key anchor=bad-signature
rogue-issued leaf=bad-signature
leaf pinned as anchor=no-anchor
non-ca issuer=issuer-not-ca
leaf outlives sent ca=ok
nested leaf outlives sent ca=outlives-issuer
nested leaf with ca=ok
nested tampered leaf=bad-signature
leaf alone short-ca anchor=ok
refuse issue wrong-ca-key=True non-ca=True unparsed-ca=True short-pub=True no-names=True outlives-ca=True at-ca-end-issued=True
refuse ca short-key=True empty-cn=True zero-serial=True bad-time=True
tls client-done=True auth=True server-done=True
rogue anchor tls client-done=False auth=False server-done=False
