chain published=Ok
chain before-notbefore=NotYetValid
chain after-notafter=Expired
chain tampered-body=BadSignature
chain anchor-wrong-key=BadSignature
chain anchor-wrong-name=NoAnchor
chain no-anchors=NoAnchor
chain empty=Empty
chain leaf-may-issue=IssuerNotCa
time utc-16=20160801121924
time utc-96=19960801121924
time non-digit=rejected
