fixture-pub=True
minted=True far=True other=True
parse=ok version=2 self-issued=True ca=False key=True
dns=True ip=True dev-only=True
not-before-len=13 not-after-len=13
far not-before-len=13 not-after-len=15
pinned localhost=ok
pinned ip=ok
pinned far=ok
wrong host=wrong-identity
too early=not-yet-valid
too late=expired
tampered=bad-signature
other key=bad-signature
refuse short-key=True zero-serial=True bad-time=True
refuse no-names=True short-ip=True empty-cn=True
tls client-done=True auth=True server-done=True
pinned-other tls client-done=False auth=False server-done=False
