F32  1000,500,2000,-1000,1500  want 1000,500,2000,-1000,1500
F16  1000,500,2000,-1000,1500  want 1000,500,2000,-1000,1500
BF16 1000,500,2000,-1000,1500  want 1000,500,2000,-1000,1500
shape 1d [5]     rows=5 cols=1 cells=5 values=5 ok
shape 2d [2,2]   rows=2 cols=2 cells=4 values=4 ok
shape 3d [2,2,2] rows=2 cols=4 cells=8 values=8 ok
shape 4d [2,3,2,2] rows=2 cols=12 cells=24 values=24 ok
header len 136 data-off 144 tensors 2 valid True
metadata key is not a tensor True
meta a a dtype=F16 shape=2 bytes=4 off=0..4
meta b b dtype=F32 shape=2 bytes=8 off=4..12
absent MISSING
short file header=0 tensors=0 valid=no
garbage header header=8 tensors=0 valid=no
dtype names F32 F16 BF16 I32 I8 unknown
PINS A DEFECT I8 parses t dtype=I8 shape=4 bytes=4 off=0..4
PINS A DEFECT I8 loads 0 values of 4
