input 77 size 77 walk 77
sorted-violations 0
members not found 0
at disagrees with walk 0
rank disagrees with walk 0
first bad prefix none
absent False prefix-of-member False member-plus False
absent rank -1 at -1 len 0 at n len 0
empty size 0 has False rank -1
duplicate insert size 2
null control allocates 0 calls 10
ten lookups, set bound once, allocate 0 hits 10
ten lookups, set named nullary, allocate more True hits 10
PINS A DEFECT insert returns size 4 walk apple,cherry,fig,pear
PINS A DEFECT original size 3 walk apple,cherry,fig,pear
clone equals its source walk apple,cherry,pear
THE ESCAPE HATCH inserting into the clone gives size 4 walk apple,cherry,fig,pear
THE ESCAPE HATCH the source is untouched size 3 walk apple,cherry,pear
is-empty on empty True on a member set False
max-height 16
